Archive member included to satisfy reference by file (symbol)

/home/jon/DiaSemi/SmartSnippetsStudio2.0.16/GCC/7-2018-q2/bin/../lib/gcc/arm-none-eabi/7.3.1/thumb/v8-m.main/fpv5-sp/hard/libgcc.a(_aeabi_ldivmod.o)
                              ./sdk/peripherals/src/hw_gpadc.o (__aeabi_ldivmod)
/home/jon/DiaSemi/SmartSnippetsStudio2.0.16/GCC/7-2018-q2/bin/../lib/gcc/arm-none-eabi/7.3.1/thumb/v8-m.main/fpv5-sp/hard/libgcc.a(_aeabi_uldivmod.o)
                              ./sdk/peripherals/src/hw_gpadc.o (__aeabi_uldivmod)
/home/jon/DiaSemi/SmartSnippetsStudio2.0.16/GCC/7-2018-q2/bin/../lib/gcc/arm-none-eabi/7.3.1/thumb/v8-m.main/fpv5-sp/hard/libgcc.a(_clear_cache.o)
                              ./sdk/sys_man/sys_rc_clocks_calibration.o (__clear_cache)
/home/jon/DiaSemi/SmartSnippetsStudio2.0.16/GCC/7-2018-q2/bin/../lib/gcc/arm-none-eabi/7.3.1/thumb/v8-m.main/fpv5-sp/hard/libgcc.a(_popcountsi2.o)
                              ./sdk/peripherals/src/hw_sys_da1469x.o (__popcountsi2)
/home/jon/DiaSemi/SmartSnippetsStudio2.0.16/GCC/7-2018-q2/bin/../lib/gcc/arm-none-eabi/7.3.1/thumb/v8-m.main/fpv5-sp/hard/libgcc.a(_udivmoddi4.o)
                              /home/jon/DiaSemi/SmartSnippetsStudio2.0.16/GCC/7-2018-q2/bin/../lib/gcc/arm-none-eabi/7.3.1/thumb/v8-m.main/fpv5-sp/hard/libgcc.a(_aeabi_ldivmod.o) (__udivmoddi4)
/home/jon/DiaSemi/SmartSnippetsStudio2.0.16/GCC/7-2018-q2/bin/../lib/gcc/arm-none-eabi/7.3.1/thumb/v8-m.main/fpv5-sp/hard/libgcc.a(_dvmd_tls.o)
                              /home/jon/DiaSemi/SmartSnippetsStudio2.0.16/GCC/7-2018-q2/bin/../lib/gcc/arm-none-eabi/7.3.1/thumb/v8-m.main/fpv5-sp/hard/libgcc.a(_aeabi_ldivmod.o) (__aeabi_ldiv0)
/home/jon/DiaSemi/SmartSnippetsStudio2.0.16/GCC/7-2018-q2/bin/../lib/gcc/arm-none-eabi/7.3.1/../../../../arm-none-eabi/lib/thumb/v8-m.main/fpv5-sp/hard/libg_nano.a(lib_a-errno.o)
                              ./startup/DA1469x/init_da1469x.o (__errno)
/home/jon/DiaSemi/SmartSnippetsStudio2.0.16/GCC/7-2018-q2/bin/../lib/gcc/arm-none-eabi/7.3.1/../../../../arm-none-eabi/lib/thumb/v8-m.main/fpv5-sp/hard/libg_nano.a(lib_a-exit.o)
                              /home/jon/DiaSemi/SmartSnippetsStudio2.0.16/GCC/7-2018-q2/bin/../lib/gcc/arm-none-eabi/7.3.1/../../../../arm-none-eabi/lib/thumb/v8-m.main/fpv5-sp/hard/crt0.o (exit)
/home/jon/DiaSemi/SmartSnippetsStudio2.0.16/GCC/7-2018-q2/bin/../lib/gcc/arm-none-eabi/7.3.1/../../../../arm-none-eabi/lib/thumb/v8-m.main/fpv5-sp/hard/libg_nano.a(lib_a-fflush.o)
                              ./main.o (fflush)
/home/jon/DiaSemi/SmartSnippetsStudio2.0.16/GCC/7-2018-q2/bin/../lib/gcc/arm-none-eabi/7.3.1/../../../../arm-none-eabi/lib/thumb/v8-m.main/fpv5-sp/hard/libg_nano.a(lib_a-findfp.o)
                              /home/jon/DiaSemi/SmartSnippetsStudio2.0.16/GCC/7-2018-q2/bin/../lib/gcc/arm-none-eabi/7.3.1/../../../../arm-none-eabi/lib/thumb/v8-m.main/fpv5-sp/hard/libg_nano.a(lib_a-fflush.o) (__sinit)
/home/jon/DiaSemi/SmartSnippetsStudio2.0.16/GCC/7-2018-q2/bin/../lib/gcc/arm-none-eabi/7.3.1/../../../../arm-none-eabi/lib/thumb/v8-m.main/fpv5-sp/hard/libg_nano.a(lib_a-fwalk.o)
                              /home/jon/DiaSemi/SmartSnippetsStudio2.0.16/GCC/7-2018-q2/bin/../lib/gcc/arm-none-eabi/7.3.1/../../../../arm-none-eabi/lib/thumb/v8-m.main/fpv5-sp/hard/libg_nano.a(lib_a-findfp.o) (_fwalk)
/home/jon/DiaSemi/SmartSnippetsStudio2.0.16/GCC/7-2018-q2/bin/../lib/gcc/arm-none-eabi/7.3.1/../../../../arm-none-eabi/lib/thumb/v8-m.main/fpv5-sp/hard/libg_nano.a(lib_a-impure.o)
                              /home/jon/DiaSemi/SmartSnippetsStudio2.0.16/GCC/7-2018-q2/bin/../lib/gcc/arm-none-eabi/7.3.1/../../../../arm-none-eabi/lib/thumb/v8-m.main/fpv5-sp/hard/libg_nano.a(lib_a-exit.o) (_global_impure_ptr)
/home/jon/DiaSemi/SmartSnippetsStudio2.0.16/GCC/7-2018-q2/bin/../lib/gcc/arm-none-eabi/7.3.1/../../../../arm-none-eabi/lib/thumb/v8-m.main/fpv5-sp/hard/libg_nano.a(lib_a-init.o)
                              /home/jon/DiaSemi/SmartSnippetsStudio2.0.16/GCC/7-2018-q2/bin/../lib/gcc/arm-none-eabi/7.3.1/../../../../arm-none-eabi/lib/thumb/v8-m.main/fpv5-sp/hard/crt0.o (__libc_init_array)
/home/jon/DiaSemi/SmartSnippetsStudio2.0.16/GCC/7-2018-q2/bin/../lib/gcc/arm-none-eabi/7.3.1/../../../../arm-none-eabi/lib/thumb/v8-m.main/fpv5-sp/hard/libg_nano.a(lib_a-memcpy-stub.o)
                              ./sdk/sys_man/sys_trng.o (memcpy)
/home/jon/DiaSemi/SmartSnippetsStudio2.0.16/GCC/7-2018-q2/bin/../lib/gcc/arm-none-eabi/7.3.1/../../../../arm-none-eabi/lib/thumb/v8-m.main/fpv5-sp/hard/libg_nano.a(lib_a-memset.o)
                              /home/jon/DiaSemi/SmartSnippetsStudio2.0.16/GCC/7-2018-q2/bin/../lib/gcc/arm-none-eabi/7.3.1/../../../../arm-none-eabi/lib/thumb/v8-m.main/fpv5-sp/hard/crt0.o (memset)
/home/jon/DiaSemi/SmartSnippetsStudio2.0.16/GCC/7-2018-q2/bin/../lib/gcc/arm-none-eabi/7.3.1/../../../../arm-none-eabi/lib/thumb/v8-m.main/fpv5-sp/hard/libg_nano.a(lib_a-nano-freer.o)
[...]
Memory Configuration

Name             Origin             Length             Attributes
ROM              0x0000000000000000 0x000000000005c800 xr
RAM              0x0000000020000200 0x000000000007fe00 rw
*default*        0x0000000000000000 0xffffffffffffffff

Linker script and memory map

LOAD /home/jon/DiaSemi/SmartSnippetsStudio2.0.16/GCC/7-2018-q2/bin/../lib/gcc/arm-none-eabi/7.3.1/thumb/v8-m.main/fpv5-sp/hard/crti.o
LOAD /home/jon/DiaSemi/SmartSnippetsStudio2.0.16/GCC/7-2018-q2/bin/../lib/gcc/arm-none-eabi/7.3.1/thumb/v8-m.main/fpv5-sp/hard/crtbegin.o
LOAD /home/jon/DiaSemi/SmartSnippetsStudio2.0.16/GCC/7-2018-q2/bin/../lib/gcc/arm-none-eabi/7.3.1/../../../../arm-none-eabi/lib/thumb/v8-m.main/fpv5-sp/hard/crt0.o
LOAD ./startup/DA1469x/GCC/deepsleep.o
LOAD ./startup/DA1469x/GCC/exception_handlers.o
LOAD ./startup/DA1469x/GCC/startup_da1469x.o
LOAD ./startup/DA1469x/GCC/vector_table_da1469x.o
LOAD ./startup/DA1469x/init_da1469x.o
LOAD ./startup/DA1469x/system_da1469x.o
LOAD ./startup/config.o
LOAD ./sdk/util/src/sdk_crc16.o
LOAD ./sdk/util/src/sdk_list.o
LOAD ./sdk/util/src/sdk_queue.o
LOAD ./sdk/sys_man/sys_adc.o
LOAD ./sdk/sys_man/sys_audio_mgr.o
LOAD ./sdk/sys_man/sys_bsr.o
LOAD ./sdk/sys_man/sys_charger_da1469x.o
LOAD ./sdk/sys_man/sys_clock_mgr_da1469x.o
LOAD ./sdk/sys_man/sys_power_mgr_da1469x.o
LOAD ./sdk/sys_man/sys_rc_clocks_calibration.o
LOAD ./sdk/sys_man/sys_tcs_da1469x.o
LOAD ./sdk/sys_man/sys_timer.o
LOAD ./sdk/sys_man/sys_trng.o
LOAD ./sdk/sys_man/sys_usb_da1469x.o
LOAD ./sdk/sys_man/sys_watchdog.o
LOAD ./sdk/snc/src/SeNIS.o
LOAD ./sdk/snc/src/snc_debug.o
LOAD ./sdk/snc/src/snc_defs.o
LOAD ./sdk/snc/src/snc_emu.o
LOAD ./sdk/snc/src/snc_hw_gpadc.o
LOAD ./sdk/snc/src/snc_hw_gpio.o
LOAD ./sdk/snc/src/snc_hw_i2c.o
LOAD ./sdk/snc/src/snc_hw_spi.o
LOAD ./sdk/snc/src/snc_hw_sys.o
LOAD ./sdk/snc/src/snc_hw_uart.o
LOAD ./sdk/snc/src/snc_main.o
LOAD ./sdk/snc/src/snc_queues.o
LOAD ./sdk/peripherals/src/hw_aes_hash.o
LOAD ./sdk/peripherals/src/hw_apu_src.o
LOAD ./sdk/peripherals/src/hw_bod_da1469x.o
LOAD ./sdk/peripherals/src/hw_cache.o
LOAD ./sdk/peripherals/src/hw_charger_da1469x.o
LOAD ./sdk/peripherals/src/hw_clk_da1469x.o
LOAD ./sdk/peripherals/src/hw_cpm_da1469x.o
LOAD ./sdk/peripherals/src/hw_crypto.o
LOAD ./sdk/peripherals/src/hw_dma.o
LOAD ./sdk/peripherals/src/hw_gpadc.o
LOAD ./sdk/peripherals/src/hw_gpio.o
LOAD ./sdk/peripherals/src/hw_haptic.o
LOAD ./sdk/peripherals/src/hw_hard_fault.o
LOAD ./sdk/peripherals/src/hw_i2c.o
LOAD ./sdk/peripherals/src/hw_iso7816.o
LOAD ./sdk/peripherals/src/hw_lcdc.o
LOAD ./sdk/peripherals/src/hw_memctrl.o
LOAD ./sdk/peripherals/src/hw_otpc_da1469x.o
LOAD ./sdk/peripherals/src/hw_pcm.o
LOAD ./sdk/peripherals/src/hw_pdc.o
LOAD ./sdk/peripherals/src/hw_pdm.o
LOAD ./sdk/peripherals/src/hw_pmu_da1469x.o
LOAD ./sdk/peripherals/src/hw_qspi.o
LOAD ./sdk/peripherals/src/hw_rtc.o
LOAD ./sdk/peripherals/src/hw_sdadc.o
LOAD ./sdk/peripherals/src/hw_smotor.o
LOAD ./sdk/peripherals/src/hw_snc.o
LOAD ./sdk/peripherals/src/hw_spi.o
LOAD ./sdk/peripherals/src/hw_sys_da1469x.o
LOAD ./sdk/peripherals/src/hw_timer.o
LOAD ./sdk/peripherals/src/hw_trng.o
LOAD ./sdk/peripherals/src/hw_uart.o
LOAD ./sdk/peripherals/src/hw_usb_da1469x.o
LOAD ./sdk/peripherals/src/hw_watchdog.o
LOAD ./sdk/peripherals/src/hw_wkup_da1469x.o
LOAD ./sdk/osal/msg_queues.o
LOAD ./sdk/osal/resmgmt.o
LOAD ./sdk/osal/usb_osal_wrapper.o
LOAD ./sdk/memory/src/qspi_automode.o
LOAD ./sdk/adapters/src/ad_crypto.o
LOAD ./sdk/adapters/src/ad_flash.o
LOAD ./sdk/adapters/src/ad_gpadc.o
LOAD ./sdk/adapters/src/ad_haptic.o
LOAD ./sdk/adapters/src/ad_i2c.o
LOAD ./sdk/adapters/src/ad_iso7816.o
LOAD ./sdk/adapters/src/ad_keyboard_scanner.o
LOAD ./sdk/adapters/src/ad_lcdc.o
LOAD ./sdk/adapters/src/ad_nvms.o
LOAD ./sdk/adapters/src/ad_nvms_direct.o
LOAD ./sdk/adapters/src/ad_nvms_ves.o
LOAD ./sdk/adapters/src/ad_nvparam.o
LOAD ./sdk/adapters/src/ad_pmu.o
LOAD ./sdk/adapters/src/ad_sdadc.o
LOAD ./sdk/adapters/src/ad_snc.o
LOAD ./sdk/adapters/src/ad_spi.o
LOAD ./sdk/adapters/src/ad_template.o
LOAD ./sdk/adapters/src/ad_uart.o
LOAD ./sdk/adapters/src/sys_platform_devices_internal.o
LOAD ./sdk/FreeRTOS/portable/MemMang/heap_4.o
LOAD ./sdk/FreeRTOS/portable/GCC/DA1469x/port.o
LOAD ./sdk/FreeRTOS/portable/Common/mpu_wrappers.o
LOAD ./sdk/FreeRTOS/croutine.o
LOAD ./sdk/FreeRTOS/event_groups.o
LOAD ./sdk/FreeRTOS/list.o
LOAD ./sdk/FreeRTOS/queue.o
LOAD ./sdk/FreeRTOS/stream_buffer.o
LOAD ./sdk/FreeRTOS/tasks.o
LOAD ./sdk/FreeRTOS/timers.o
LOAD ./app_debug_freertos/src/app_debug_freertos_tcb.o
LOAD ./main.o
START GROUP
LOAD /home/jon/DiaSemi/SmartSnippetsStudio2.0.16/GCC/7-2018-q2/bin/../lib/gcc/arm-none-eabi/7.3.1/thumb/v8-m.main/fpv5-sp/hard/libgcc.a
LOAD /home/jon/DiaSemi/SmartSnippetsStudio2.0.16/GCC/7-2018-q2/bin/../lib/gcc/arm-none-eabi/7.3.1/../../../../arm-none-eabi/lib/thumb/v8-m.main/fpv5-sp/hard/libg_nano.a
LOAD /home/jon/DiaSemi/SmartSnippetsStudio2.0.16/GCC/7-2018-q2/bin/../lib/gcc/arm-none-eabi/7.3.1/../../../../arm-none-eabi/lib/thumb/v8-m.main/fpv5-sp/hard/libc_nano.a
END GROUP
START GROUP
LOAD /home/jon/DiaSemi/SmartSnippetsStudio2.0.16/GCC/7-2018-q2/bin/../lib/gcc/arm-none-eabi/7.3.1/thumb/v8-m.main/fpv5-sp/hard/libgcc.a
LOAD /home/jon/DiaSemi/SmartSnippetsStudio2.0.16/GCC/7-2018-q2/bin/../lib/gcc/arm-none-eabi/7.3.1/../../../../arm-none-eabi/lib/thumb/v8-m.main/fpv5-sp/hard/libc_nano.a
LOAD /home/jon/DiaSemi/SmartSnippetsStudio2.0.16/GCC/7-2018-q2/bin/../lib/gcc/arm-none-eabi/7.3.1/../../../../arm-none-eabi/lib/thumb/v8-m.main/fpv5-sp/hard/libnosys.a
END GROUP
START GROUP
LOAD /home/jon/DiaSemi/SmartSnippetsStudio2.0.16/GCC/7-2018-q2/bin/../lib/gcc/arm-none-eabi/7.3.1/thumb/v8-m.main/fpv5-sp/hard/libgcc.a
LOAD /home/jon/DiaSemi/SmartSnippetsStudio2.0.16/GCC/7-2018-q2/bin/../lib/gcc/arm-none-eabi/7.3.1/../../../../arm-none-eabi/lib/thumb/v8-m.main/fpv5-sp/hard/libc_nano.a
LOAD /home/jon/DiaSemi/SmartSnippetsStudio2.0.16/GCC/7-2018-q2/bin/../lib/gcc/arm-none-eabi/7.3.1/../../../../arm-none-eabi/lib/thumb/v8-m.main/fpv5-sp/hard/libnosys.a
END GROUP
LOAD /home/jon/DiaSemi/SmartSnippetsStudio2.0.16/GCC/7-2018-q2/bin/../lib/gcc/arm-none-eabi/7.3.1/thumb/v8-m.main/fpv5-sp/hard/crtend.o
LOAD /home/jon/DiaSemi/SmartSnippetsStudio2.0.16/GCC/7-2018-q2/bin/../lib/gcc/arm-none-eabi/7.3.1/thumb/v8-m.main/fpv5-sp/hard/crtn.o
START GROUP
LOAD /home/jon/DiaSemi/SmartSnippetsStudio2.0.16/GCC/7-2018-q2/bin/../lib/gcc/arm-none-eabi/7.3.1/thumb/v8-m.main/fpv5-sp/hard/libgcc.a
LOAD /home/jon/DiaSemi/SmartSnippetsStudio2.0.16/GCC/7-2018-q2/bin/../lib/gcc/arm-none-eabi/7.3.1/../../../../arm-none-eabi/lib/thumb/v8-m.main/fpv5-sp/hard/libc.a
LOAD /home/jon/DiaSemi/SmartSnippetsStudio2.0.16/GCC/7-2018-q2/bin/../lib/gcc/arm-none-eabi/7.3.1/../../../../arm-none-eabi/lib/thumb/v8-m.main/fpv5-sp/hard/libm.a
LOAD /home/jon/DiaSemi/SmartSnippetsStudio2.0.16/GCC/7-2018-q2/bin/../lib/gcc/arm-none-eabi/7.3.1/../../../../arm-none-eabi/lib/thumb/v8-m.main/fpv5-sp/hard/libnosys.a
END GROUP

.init_text      0x0000000000000000      0x3fe
 *(.isr_vector)
 .isr_vector    0x0000000000000000       0xe0 ./startup/DA1469x/GCC/vector_table_da1469x.o
                0x0000000000000000                __isr_vector
                0x00000000000000e0                __isr_vector_end
                0x0000000000000200                . = 0x200
 *fill*         0x00000000000000e0      0x120 
                0x0000000000000200                __Vectors_End = .
                0x0000000000000200                __Vectors_Size = (__Vectors_End - __isr_vector)
 *(text_reset*)
 text_reset     0x0000000000000200       0xa8 ./startup/DA1469x/GCC/exception_handlers.o
                0x0000000000000200                Reset_Handler
 text_reset     0x00000000000002a8        0x0 ./startup/DA1469x/GCC/startup_da1469x.o
 text_reset     0x00000000000002a8      0x156 ./startup/DA1469x/init_da1469x.o
                0x00000000000002a8                SystemInitPre

.text           0x0000000000000400     0x9cc4
 *(EXCLUDE_FILE(*libgcc.a:_clzsi2.o *libgcc.a:_clzdi2.o *libgcc.a:_udivdi3.o *libgcc.a:bpabi.o *libgcc.a:_dvmd_tls.o *libgcc.a:_muldi3.o *libgcc.a:_aeabi_uldivmod.o *libnosys.a:sbrk.o) .text*)
 .text          0x0000000000000400       0x40 /home/jon/DiaSemi/SmartSnippetsStudio2.0.16/GCC/7-2018-q2/bin/../lib/gcc/arm-none-eabi/7.3.1/thumb/v8-m.main/fpv5-sp/hard/crtbegin.o
 .text          0x0000000000000440       0x74 /home/jon/DiaSemi/SmartSnippetsStudio2.0.16/GCC/7-2018-q2/bin/../lib/gcc/arm-none-eabi/7.3.1/../../../../arm-none-eabi/lib/thumb/v8-m.main/fpv5-sp/hard/crt0.o
                0x0000000000000440                _mainCRTStartup
                0x0000000000000440                _start
 .text          0x00000000000004b4       0x14 ./startup/DA1469x/GCC/startup_da1469x.o
                0x00000000000004b4                RESERVED43_Handler
                0x00000000000004b4                SPI_Handler
                0x00000000000004b4                SysTick_Handler
                0x00000000000004b4                RESERVED46_Handler
                0x00000000000004b4                DCDC_Handler
                0x00000000000004b4                LCD_Controller_Handler
                0x00000000000004b4                CMAC2SYS_Handler
                0x00000000000004b4                PDC_Handler
                0x00000000000004b4                RESERVED45_Handler
                0x00000000000004b4                SRC_Out_Handler
                0x00000000000004b4                RESERVED42_Handler
                0x00000000000004b4                RTC_Event_Handler
                0x00000000000004b4                SRC_In_Handler
                0x00000000000004b4                Charger_State_Handler
                0x00000000000004b4                Crypto_Handler
                0x00000000000004b4                LRA_Handler
                0x00000000000004b4                PCM_Handler
                0x00000000000004b4                I2C_Handler
                0x00000000000004b4                SecureFault_Handler
                0x00000000000004b4                RFDIAG_Handler
                0x00000000000004b4                Default_Handler
                0x00000000000004b4                Motor_Controller_Handler
                0x00000000000004b4                RESERVED40_Handler
                0x00000000000004b4                SPI2_Handler
                0x00000000000004b4                I2C2_Handler
                0x00000000000004b4                RESERVED41_Handler
                0x00000000000004b4                RESERVED44_Handler
                0x00000000000004b4                RESERVED47_Handler
                0x00000000000004b4                Charger_Error_Handler
 .text.hw_pdc_set_pending.part.1
                0x00000000000004c8       0x28 ./startup/DA1469x/init_da1469x.o
 .text._sbrk    0x00000000000004f0       0x34 ./startup/DA1469x/init_da1469x.o
                0x00000000000004f0                _sbrk
 .text.set_interrupt_priorities
                0x0000000000000524       0x80 ./startup/DA1469x/init_da1469x.o
                0x0000000000000524                set_interrupt_priorities
 .text.configure_rtc
                0x00000000000005a4       0x3c ./startup/DA1469x/init_da1469x.o
                0x00000000000005a4                configure_rtc
 .text.da1469x_SystemInit
                0x00000000000005e0      0x284 ./startup/DA1469x/init_da1469x.o
                0x00000000000005e0                da1469x_SystemInit
 .text.black_orca_phy_addr
                0x0000000000000864       0x90 ./startup/DA1469x/init_da1469x.o
                0x0000000000000864                black_orca_phy_addr
 .text.SystemInit
                0x00000000000008f4       0x14 ./startup/DA1469x/system_da1469x.o
                0x00000000000008f4                SystemInit
 .text.retarget_reinit
                0x0000000000000908       0x30 ./startup/config.o
 .text.retarget_init
                0x0000000000000938        0x2 ./startup/config.o
                0x0000000000000938                retarget_init
 *fill*         0x000000000000093a        0x2 
 .text._write   0x000000000000093c       0x6c ./startup/config.o
                0x000000000000093c                _write
 .text._read    0x00000000000009a8       0x84 ./startup/config.o
                0x00000000000009a8                _read
 .text.sys_sw_bsr_init
                0x0000000000000a2c       0x14 ./sdk/sys_man/sys_bsr.o
                0x0000000000000a2c                sys_sw_bsr_init
 .text.sys_sw_bsr_acquire
                0x0000000000000a40       0x2c ./sdk/sys_man/sys_bsr.o
                0x0000000000000a40                sys_sw_bsr_acquire
 .text.sys_sw_bsr_release
                0x0000000000000a6c       0x28 ./sdk/sys_man/sys_bsr.o
                0x0000000000000a6c                sys_sw_bsr_release
 .text.hw_clk_is_xtalm_started
                0x0000000000000a94       0x20 ./sdk/sys_man/sys_clock_mgr_da1469x.o
 .text.in_interrupt
                0x0000000000000ab4       0x14 ./sdk/sys_man/sys_clock_mgr_da1469x.o
 .text.lower_amba_clocks
                0x0000000000000ac8       0x26 ./sdk/sys_man/sys_clock_mgr_da1469x.o
 *fill*         0x0000000000000aee        0x2 
 .text.restore_amba_clocks
                0x0000000000000af0       0x38 ./sdk/sys_man/sys_clock_mgr_da1469x.o
 .text.ahb_set_clock_divider
                0x0000000000000b28       0x84 ./sdk/sys_man/sys_clock_mgr_da1469x.o
 .text.cm_notify_rc_clocks_calibration_update
                0x0000000000000bac       0x3c ./sdk/sys_man/sys_clock_mgr_da1469x.o
 .text.hw_clk_set_sysclk
                0x0000000000000be8       0xa0 ./sdk/sys_man/sys_clock_mgr_da1469x.o
 .text.hw_pdc_set_pending
                0x0000000000000c88       0x2c ./sdk/sys_man/sys_clock_mgr_da1469x.o
 .text.switch_to_xtal32m
                0x0000000000000cb4       0x3c ./sdk/sys_man/sys_clock_mgr_da1469x.o
 .text.switch_to_pll
                0x0000000000000cf0       0x4c ./sdk/sys_man/sys_clock_mgr_da1469x.o
 .text.xtal32m_is_ready.part.11
                0x0000000000000d3c       0x30 ./sdk/sys_man/sys_clock_mgr_da1469x.o
 .text.switch_to_rc32
                0x0000000000000d6c       0x38 ./sdk/sys_man/sys_clock_mgr_da1469x.o
 .text.enable_pll
                0x0000000000000da4       0x78 ./sdk/sys_man/sys_clock_mgr_da1469x.o
 .text.disable_pll
                0x0000000000000e1c       0x5c ./sdk/sys_man/sys_clock_mgr_da1469x.o
 .text.vLPTimerCallback
                0x0000000000000e78       0x64 ./sdk/sys_man/sys_clock_mgr_da1469x.o
 .text.cm_get_xtalm_settling_lpcycles
                0x0000000000000edc       0x30 ./sdk/sys_man/sys_clock_mgr_da1469x.o
                0x0000000000000edc                cm_get_xtalm_settling_lpcycles
 .text.cm_enable_xtalm
                0x0000000000000f0c       0xb8 ./sdk/sys_man/sys_clock_mgr_da1469x.o
                0x0000000000000f0c                cm_enable_xtalm
 .text.cm_clk_init_low_level_internal
                0x0000000000000fc4       0x7c ./sdk/sys_man/sys_clock_mgr_da1469x.o
                0x0000000000000fc4                cm_clk_init_low_level_internal
 .text.cm_calibrate_rc32k
                0x0000000000001040       0x74 ./sdk/sys_man/sys_clock_mgr_da1469x.o
                0x0000000000001040                cm_calibrate_rc32k
 .text.rc_clocks_calibration_task
                0x00000000000010b4       0x28 ./sdk/sys_man/sys_clock_mgr_da1469x.o
 .text.cm_apb_set_clock_divider
                0x00000000000010dc       0x50 ./sdk/sys_man/sys_clock_mgr_da1469x.o
                0x00000000000010dc                cm_apb_set_clock_divider
 .text.cm_ahb_set_clock_divider
                0x000000000000112c       0x2c ./sdk/sys_man/sys_clock_mgr_da1469x.o
                0x000000000000112c                cm_ahb_set_clock_divider
 .text.cm_sys_clk_get_fromISR
                0x0000000000001158       0x24 ./sdk/sys_man/sys_clock_mgr_da1469x.o
                0x0000000000001158                cm_sys_clk_get_fromISR
 .text.cm_apb_get_clock_divider
                0x000000000000117c       0x2c ./sdk/sys_man/sys_clock_mgr_da1469x.o
                0x000000000000117c                cm_apb_get_clock_divider
 .text.cm_ahb_get_clock_divider
                0x00000000000011a8       0x3c ./sdk/sys_man/sys_clock_mgr_da1469x.o
                0x00000000000011a8                cm_ahb_get_clock_divider
 .text.cm_sys_clk_init
                0x00000000000011e4       0xe8 ./sdk/sys_man/sys_clock_mgr_da1469x.o
                0x00000000000011e4                cm_sys_clk_init
 .text.cm_cpu_clk_get_fromISR
                0x00000000000012cc       0x20 ./sdk/sys_man/sys_clock_mgr_da1469x.o
                0x00000000000012cc                cm_cpu_clk_get_fromISR
 .text.XTAL32M_Ready_Handler
                0x00000000000012ec       0x74 ./sdk/sys_man/sys_clock_mgr_da1469x.o
                0x00000000000012ec                XTAL32M_Ready_Handler
 .text.PLL_Lock_Handler
                0x0000000000001360       0x5c ./sdk/sys_man/sys_clock_mgr_da1469x.o
                0x0000000000001360                PLL_Lock_Handler
 .text.cm_rc_clocks_calibration_task_init
                0x00000000000013bc       0x28 ./sdk/sys_man/sys_clock_mgr_da1469x.o
                0x00000000000013bc                cm_rc_clocks_calibration_task_init
 .text.cm_lp_clk_init
                0x00000000000013e4       0x58 ./sdk/sys_man/sys_clock_mgr_da1469x.o
                0x00000000000013e4                cm_lp_clk_init
 .text.cm_lp_clk_is_avail
                0x000000000000143c       0x18 ./sdk/sys_man/sys_clock_mgr_da1469x.o
                0x000000000000143c                cm_lp_clk_is_avail
 .text.cm_register_xtal_ready_callback
                0x0000000000001454        0xc ./sdk/sys_man/sys_clock_mgr_da1469x.o
                0x0000000000001454                cm_register_xtal_ready_callback
 .text.init_component
                0x0000000000001460       0x4e ./sdk/sys_man/sys_power_mgr_da1469x.o
 *fill*         0x00000000000014ae        0x2 
 .text.pm_sleep_mode_update
                0x00000000000014b0       0x34 ./sdk/sys_man/sys_power_mgr_da1469x.o
 .text.init_components
                0x00000000000014e4       0x3e ./sdk/sys_man/sys_power_mgr_da1469x.o
 *fill*         0x0000000000001522        0x2 
 .text.xtalm_ready_cb
                0x0000000000001524       0x34 ./sdk/sys_man/sys_power_mgr_da1469x.o
 .text.pm_system_init
                0x0000000000001558      0x110 ./sdk/sys_man/sys_power_mgr_da1469x.o
                0x0000000000001558                pm_system_init
 .text.pm_sleep_mode_set
                0x0000000000001668       0x2c ./sdk/sys_man/sys_power_mgr_da1469x.o
                0x0000000000001668                pm_sleep_mode_set
 .text.pm_sleep_mode_request
                0x0000000000001694       0x3c ./sdk/sys_man/sys_power_mgr_da1469x.o
                0x0000000000001694                pm_sleep_mode_request
 .text.pm_sleep_mode_release
                0x00000000000016d0       0x38 ./sdk/sys_man/sys_power_mgr_da1469x.o
                0x00000000000016d0                pm_sleep_mode_release
 .text.pm_register_adapter
                0x0000000000001708       0x44 ./sdk/sys_man/sys_power_mgr_da1469x.o
                0x0000000000001708                pm_register_adapter
 .text.pm_get_system_sleep_state
                0x000000000000174c        0xc ./sdk/sys_man/sys_power_mgr_da1469x.o
                0x000000000000174c                pm_get_system_sleep_state
 .text.pm_set_sys_wakeup_mode
                0x0000000000001758       0x7a ./sdk/sys_man/sys_power_mgr_da1469x.o
                0x0000000000001758                pm_set_sys_wakeup_mode
 .text.pm_get_sys_wakeup_mode
                0x00000000000017d2       0x14 ./sdk/sys_man/sys_power_mgr_da1469x.o
                0x00000000000017d2                pm_get_sys_wakeup_mode
 *fill*         0x00000000000017e6        0x2 
 .text.pm_get_sys_wakeup_cycles
                0x00000000000017e8       0x6c ./sdk/sys_man/sys_power_mgr_da1469x.o
                0x00000000000017e8                pm_get_sys_wakeup_cycles
 .text.ucode_rc32k_set_bounds
                0x0000000000001854       0x2c ./sdk/sys_man/sys_rc_clocks_calibration.o
 .text.ucode_rc_clocks_calibrate_notify_delete
                0x0000000000001880       0x14 ./sdk/sys_man/sys_rc_clocks_calibration.o
 .text.ifelse_clause_func274.11486
                0x0000000000001894       0x2c ./sdk/sys_man/sys_rc_clocks_calibration.o
 .text.ifelse_clause_func258.11478
                0x00000000000018c0       0x2c ./sdk/sys_man/sys_rc_clocks_calibration.o
 .text.ucode_rc_clocks_calibrate_notify
                0x00000000000018ec      0x200 ./sdk/sys_man/sys_rc_clocks_calibration.o
 .text.ifelse_clause_func214.11470
                0x0000000000001aec        0x4 ./sdk/sys_man/sys_rc_clocks_calibration.o
 .text.ucode_rc_clocks_calibrate_notify_create
                0x0000000000001af0       0x20 ./sdk/sys_man/sys_rc_clocks_calibration.o
 .text.sys_rc_clocks_calibrate_get_values
                0x0000000000001b10       0x28 ./sdk/sys_man/sys_rc_clocks_calibration.o
                0x0000000000001b10                sys_rc_clocks_calibrate_get_values
 .text.sys_rc32k_calibrate_set_bounds
                0x0000000000001b38        0x4 ./sdk/sys_man/sys_rc_clocks_calibration.o
                0x0000000000001b38                sys_rc32k_calibrate_set_bounds
 .text.sys_rc_clocks_calibrate_config
                0x0000000000001b3c       0xac ./sdk/sys_man/sys_rc_clocks_calibration.o
                0x0000000000001b3c                sys_rc_clocks_calibrate_config
 .text.fetch_tcs_entry
                0x0000000000001be8       0x14 ./sdk/sys_man/sys_tcs_da1469x.o
 .text.sys_tcs_get_trim_values_from_cs
                0x0000000000001bfc      0x248 ./sdk/sys_man/sys_tcs_da1469x.o
                0x0000000000001bfc                sys_tcs_get_trim_values_from_cs
 .text.sys_tcs_get_custom_values
                0x0000000000001e44       0x38 ./sdk/sys_man/sys_tcs_da1469x.o
                0x0000000000001e44                sys_tcs_get_custom_values
 .text.sys_tcs_apply_custom_values
                0x0000000000001e7c       0x2e ./sdk/sys_man/sys_tcs_da1469x.o
                0x0000000000001e7c                sys_tcs_apply_custom_values
 *fill*         0x0000000000001eaa        0x2 
 .text.sys_tcs_get_reg_pairs
                0x0000000000001eac       0x2c ./sdk/sys_man/sys_tcs_da1469x.o
                0x0000000000001eac                sys_tcs_get_reg_pairs
 .text.sys_tcs_snc_get_reg_pair
                0x0000000000001ed8       0x20 ./sdk/sys_man/sys_tcs_da1469x.o
                0x0000000000001ed8                sys_tcs_snc_get_reg_pair
 .text.sys_tcs_snc_get_reg_pair_num_of_entries
                0x0000000000001ef8       0x20 ./sdk/sys_man/sys_tcs_da1469x.o
                0x0000000000001ef8                sys_tcs_snc_get_reg_pair_num_of_entries
 .text.sys_tcs_custom_values_system_cb
                0x0000000000001f18       0x58 ./sdk/sys_man/sys_tcs_da1469x.o
                0x0000000000001f18                sys_tcs_custom_values_system_cb
 .text.sys_tcs_reg_pairs_in_cs
                0x0000000000001f70       0x80 ./sdk/sys_man/sys_tcs_da1469x.o
                0x0000000000001f70                sys_tcs_reg_pairs_in_cs
 .text.sys_timer_start
                0x0000000000001ff0       0x4c ./sdk/sys_man/sys_timer.o
                0x0000000000001ff0                sys_timer_start
 .text.sys_timer_stop
                0x000000000000203c       0x18 ./sdk/sys_man/sys_timer.o
                0x000000000000203c                sys_timer_stop
 .text.sys_timer_set_trigger
                0x0000000000002054       0x28 ./sdk/sys_man/sys_timer.o
                0x0000000000002054                sys_timer_set_trigger
 .text.sys_timer_get_tick_offset
                0x000000000000207c       0x20 ./sdk/sys_man/sys_timer.o
                0x000000000000207c                sys_timer_get_tick_offset
 .text.sys_timer_get_uptime_ticks
                0x000000000000209c       0x1c ./sdk/sys_man/sys_timer.o
                0x000000000000209c                sys_timer_get_uptime_ticks
 .text.sys_trng_producing_numbers
                0x00000000000020b8       0x10 ./sdk/sys_man/sys_trng.o
                0x00000000000020b8                sys_trng_producing_numbers
 .text.sys_watchdog_register
                0x00000000000020c8        0x4 ./sdk/sys_man/sys_watchdog.o
                0x00000000000020c8                sys_watchdog_register
 .text.sys_watchdog_suspend
                0x00000000000020cc        0x2 ./sdk/sys_man/sys_watchdog.o
                0x00000000000020cc                sys_watchdog_suspend
 .text.sys_watchdog_notify
                0x00000000000020ce        0x2 ./sdk/sys_man/sys_watchdog.o
                0x00000000000020ce                sys_watchdog_notify
 .text.sys_watchdog_notify_and_resume
                0x00000000000020d0        0x2 ./sdk/sys_man/sys_watchdog.o
                0x00000000000020d0                sys_watchdog_notify_and_resume
 *fill*         0x00000000000020d2        0x2 
 .text.sys_watchdog_get_val
                0x00000000000020d4       0x10 ./sdk/sys_man/sys_watchdog.o
                0x00000000000020d4                sys_watchdog_get_val
 .text.senis_ifelse_blk_sel_else
                0x00000000000020e4       0x3c ./sdk/snc/src/SeNIS.o
 .text.snc_ucode_delete
                0x0000000000002120       0x58 ./sdk/snc/src/SeNIS.o
                0x0000000000002120                snc_ucode_delete
 .text.snc_get_SNC_to_CM33_trigger
                0x0000000000002178        0xc ./sdk/snc/src/SeNIS.o
                0x0000000000002178                snc_get_SNC_to_CM33_trigger
 .text.snc_enable_SNC_ucode
                0x0000000000002184        0xa ./sdk/snc/src/SeNIS.o
                0x0000000000002184                snc_enable_SNC_ucode
 .text.snc_disable_SNC_ucode
                0x000000000000218e       0x10 ./sdk/snc/src/SeNIS.o
                0x000000000000218e                snc_disable_SNC_ucode
 .text.snc_enter_SNC_critical_section
                0x000000000000219e        0x8 ./sdk/snc/src/SeNIS.o
                0x000000000000219e                snc_enter_SNC_critical_section
 .text.snc_leave_SNC_critical_section
                0x00000000000021a6        0x8 ./sdk/snc/src/SeNIS.o
                0x00000000000021a6                snc_leave_SNC_critical_section
 *fill*         0x00000000000021ae        0x2 
 .text.snc_clear_SNC_to_CM33_trigger
                0x00000000000021b0       0x28 ./sdk/snc/src/SeNIS.o
                0x00000000000021b0                snc_clear_SNC_to_CM33_trigger
 .text.snc_mutex_SNC_create
                0x00000000000021d8       0x14 ./sdk/snc/src/SeNIS.o
                0x00000000000021d8                snc_mutex_SNC_create
 .text.snc_mutex_SNC_lock
                0x00000000000021ec       0x20 ./sdk/snc/src/SeNIS.o
                0x00000000000021ec                snc_mutex_SNC_lock
 .text.snc_mutex_SNC_unlock
                0x000000000000220c        0xa ./sdk/snc/src/SeNIS.o
                0x000000000000220c                snc_mutex_SNC_unlock
 *fill*         0x0000000000002216        0x2 
 .text.senis_wadad
                0x0000000000002218       0x68 ./sdk/snc/src/SeNIS.o
                0x0000000000002218                senis_wadad
 .text.senis_wadva
                0x0000000000002280       0x48 ./sdk/snc/src/SeNIS.o
                0x0000000000002280                senis_wadva
 .text.senis_tobre
                0x00000000000022c8       0x38 ./sdk/snc/src/SeNIS.o
                0x00000000000022c8                senis_tobre
 .text.senis_rdcbi
                0x0000000000002300       0x34 ./sdk/snc/src/SeNIS.o
                0x0000000000002300                senis_rdcbi
 .text.senis_rdcgr
                0x0000000000002334       0x48 ./sdk/snc/src/SeNIS.o
                0x0000000000002334                senis_rdcgr
 .text.senis_cobr_eq
                0x000000000000237c       0x2a ./sdk/snc/src/SeNIS.o
                0x000000000000237c                senis_cobr_eq
 .text.senis_cobr_gr
                0x00000000000023a6       0x2a ./sdk/snc/src/SeNIS.o
                0x00000000000023a6                senis_cobr_gr
 .text.senis_return
                0x00000000000023d0       0x1c ./sdk/snc/src/SeNIS.o
                0x00000000000023d0                senis_return
 .text.snc_ucode_create
                0x00000000000023ec       0xf8 ./sdk/snc/src/SeNIS.o
                0x00000000000023ec                snc_ucode_create
 .text.senis_inc1
                0x00000000000024e4       0x1c ./sdk/snc/src/SeNIS.o
                0x00000000000024e4                senis_inc1
 .text.senis_inc4
                0x0000000000002500       0x20 ./sdk/snc/src/SeNIS.o
                0x0000000000002500                senis_inc4
 .text.senis_slp
                0x0000000000002520       0x18 ./sdk/snc/src/SeNIS.o
                0x0000000000002520                senis_slp
 .text.senis_rdcgr_z
                0x0000000000002538        0xc ./sdk/snc/src/SeNIS.o
                0x0000000000002538                senis_rdcgr_z
 .text.senis_assign
                0x0000000000002544       0x1a ./sdk/snc/src/SeNIS.o
                0x0000000000002544                senis_assign
 *fill*         0x000000000000255e        0x2 
 .text.senis_call
                0x0000000000002560       0x84 ./sdk/snc/src/SeNIS.o
                0x0000000000002560                senis_call
 .text.senis_xor
                0x00000000000025e4       0xb8 ./sdk/snc/src/SeNIS.o
                0x00000000000025e4                senis_xor
 .text.senis_add_clause_op
                0x000000000000269c       0x60 ./sdk/snc/src/SeNIS.o
                0x000000000000269c                senis_add_clause_op
 .text.senis_rmv_clause_op
                0x00000000000026fc       0x14 ./sdk/snc/src/SeNIS.o
                0x00000000000026fc                senis_rmv_clause_op
 .text.senis_if_true
                0x0000000000002710        0x6 ./sdk/snc/src/SeNIS.o
                0x0000000000002710                senis_if_true
 .text.senis_if_false
                0x0000000000002716       0x16 ./sdk/snc/src/SeNIS.o
                0x0000000000002716                senis_if_false
 .text.senis_goto
                0x000000000000272c       0x20 ./sdk/snc/src/SeNIS.o
                0x000000000000272c                senis_goto
 .text.senis_if_gt_z
                0x000000000000274c       0xa4 ./sdk/snc/src/SeNIS.o
                0x000000000000274c                senis_if_gt_z
 .text.senis_if_gt
                0x00000000000027f0       0xd0 ./sdk/snc/src/SeNIS.o
                0x00000000000027f0                senis_if_gt
 .text.senis_if_lt
                0x00000000000028c0       0x14 ./sdk/snc/src/SeNIS.o
                0x00000000000028c0                senis_if_lt
 .text.snc_hw_gpadc_in_progress
                0x00000000000028d4       0x38 ./sdk/snc/src/snc_hw_gpadc.o
 .text.snc_gpadc_open
                0x000000000000290c       0xec ./sdk/snc/src/snc_hw_gpadc.o
                0x000000000000290c                snc_gpadc_open
 .text.snc_gpadc_close
                0x00000000000029f8       0x20 ./sdk/snc/src/snc_hw_gpadc.o
                0x00000000000029f8                snc_gpadc_close
 .text.snc_gpadc_read
                0x0000000000002a18       0x38 ./sdk/snc/src/snc_hw_gpadc.o
                0x0000000000002a18                snc_gpadc_read
 .text.snc_cm33_notify_ucode_delete
                0x0000000000002a50       0x14 ./sdk/snc/src/snc_hw_sys.o
 .text.snc_hw_sys_reg_apply_config_ucode_delete
                0x0000000000002a64       0x14 ./sdk/snc/src/snc_hw_sys.o
 .text.snc_hw_sys_bsr_try_acquire_ucode_delete
                0x0000000000002a78       0x14 ./sdk/snc/src/snc_hw_sys.o
 .text.snc_hw_sys_bsr_release_ucode_delete
                0x0000000000002a8c       0x14 ./sdk/snc/src/snc_hw_sys.o
 .text.snc_hw_sys_bsr_lock
                0x0000000000002aa0       0x84 ./sdk/snc/src/snc_hw_sys.o
 .text.snc_hw_sys_bsr_try_acquire_ucode
                0x0000000000002b24       0xb0 ./sdk/snc/src/snc_hw_sys.o
 .text.snc_cm33_notify_ucode_create
                0x0000000000002bd4       0x20 ./sdk/snc/src/snc_hw_sys.o
 .text.snc_hw_sys_reg_apply_config_ucode_create
                0x0000000000002bf4       0x20 ./sdk/snc/src/snc_hw_sys.o
 .text.snc_hw_sys_bsr_try_acquire_ucode_create
                0x0000000000002c14       0x20 ./sdk/snc/src/snc_hw_sys.o
 .text.snc_hw_sys_bsr_release_ucode_create
                0x0000000000002c34       0x20 ./sdk/snc/src/snc_hw_sys.o
 .text.snc_hw_sys_reg_apply_config_ucode
                0x0000000000002c54       0xc8 ./sdk/snc/src/snc_hw_sys.o
 .text.snc_hw_sys_bsr_release_ucode
                0x0000000000002d1c       0x2c ./sdk/snc/src/snc_hw_sys.o
 .text.snc_mutex_lock
                0x0000000000002d48       0x42 ./sdk/snc/src/snc_hw_sys.o
                0x0000000000002d48                snc_mutex_lock
 .text.snc_mutex_unlock
                0x0000000000002d8a        0xa ./sdk/snc/src/snc_hw_sys.o
                0x0000000000002d8a                snc_mutex_unlock
 .text.snc_cm33_notify
                0x0000000000002d94       0x34 ./sdk/snc/src/snc_hw_sys.o
                0x0000000000002d94                snc_cm33_notify
 .text.snc_hw_sys_init
                0x0000000000002dc8       0xc4 ./sdk/snc/src/snc_hw_sys.o
                0x0000000000002dc8                snc_hw_sys_init
 .text.snc_hw_sys_bsr_try_acquire
                0x0000000000002e8c       0x68 ./sdk/snc/src/snc_hw_sys.o
                0x0000000000002e8c                snc_hw_sys_bsr_try_acquire
 .text.snc_hw_sys_bsr_acquire
                0x0000000000002ef4       0x64 ./sdk/snc/src/snc_hw_sys.o
                0x0000000000002ef4                snc_hw_sys_bsr_acquire
 .text.snc_critical_section_enter
                0x0000000000002f58       0x48 ./sdk/snc/src/snc_hw_sys.o
                0x0000000000002f58                snc_critical_section_enter
 .text.snc_hw_sys_bsr_release
                0x0000000000002fa0       0x34 ./sdk/snc/src/snc_hw_sys.o
                0x0000000000002fa0                snc_hw_sys_bsr_release
 .text.snc_critical_section_leave
                0x0000000000002fd4       0x98 ./sdk/snc/src/snc_hw_sys.o
                0x0000000000002fd4                snc_critical_section_leave
 .text.snc_cm33_notify_ucode
                0x000000000000306c       0xd8 ./sdk/snc/src/snc_hw_sys.o
 .text.snc_hw_sys_pdc_acknowledge
                0x0000000000003144       0x18 ./sdk/snc/src/snc_hw_sys.o
                0x0000000000003144                snc_hw_sys_pdc_acknowledge
 .text.snc_hw_sys_clear_rtc_pdc_event
                0x000000000000315c        0xc ./sdk/snc/src/snc_hw_sys.o
                0x000000000000315c                snc_hw_sys_clear_rtc_pdc_event
 .text.snc_main_wait_if_halt_req_ucode_delete
                0x0000000000003168       0x14 ./sdk/snc/src/snc_main.o
 .text.snc_main_delete
                0x000000000000317c       0x14 ./sdk/snc/src/snc_main.o
 .text.snc_main_wait_if_halt_req_ucode
                0x0000000000003190       0xd0 ./sdk/snc/src/snc_main.o
 .text.snc_main_wait_if_halt_req_ucode_create
                0x0000000000003260       0x20 ./sdk/snc/src/snc_main.o
 .text.snc_main_create
                0x0000000000003280       0x20 ./sdk/snc/src/snc_main.o
 .text.snc_main_wait_if_halt_req
                0x00000000000032a0       0x54 ./sdk/snc/src/snc_main.o
 .text.snc_main
                0x00000000000032f4      0x984 ./sdk/snc/src/snc_main.o
 .text.snc_main_set_halt
                0x0000000000003c78       0x14 ./sdk/snc/src/snc_main.o
                0x0000000000003c78                snc_main_set_halt
 .text.snc_main_reset_halt
                0x0000000000003c8c        0xc ./sdk/snc/src/snc_main.o
                0x0000000000003c8c                snc_main_reset_halt
 .text.snc_main_is_halt_set
                0x0000000000003c98       0x10 ./sdk/snc/src/snc_main.o
                0x0000000000003c98                snc_main_is_halt_set
 .text.snc_main_set_pdc_evnt_entries
                0x0000000000003ca8       0x54 ./sdk/snc/src/snc_main.o
                0x0000000000003ca8                snc_main_set_pdc_evnt_entries
 .text.snc_main_enable_ucode_entry
                0x0000000000003cfc        0x6 ./sdk/snc/src/snc_main.o
                0x0000000000003cfc                snc_main_enable_ucode_entry
 *fill*         0x0000000000003d02        0x2 
 .text.snc_main_get_context
                0x0000000000003d04       0x1c ./sdk/snc/src/snc_main.o
                0x0000000000003d04                snc_main_get_context
 .text.hw_bod_configure
                0x0000000000003d20       0x7c ./sdk/peripherals/src/hw_bod_da1469x.o
                0x0000000000003d20                hw_bod_configure
 .text.hw_clk_get_calibration_data
                0x0000000000003d9c       0x10 ./sdk/peripherals/src/hw_clk_da1469x.o
                0x0000000000003d9c                hw_clk_get_calibration_data
 .text.hw_clk_xtalm_update_rdy_cnt
                0x0000000000003dac       0x34 ./sdk/peripherals/src/hw_clk_da1469x.o
                0x0000000000003dac                hw_clk_xtalm_update_rdy_cnt
 .text.hw_clk_xtalm_compensate_amp
                0x0000000000003de0        0x2 ./sdk/peripherals/src/hw_clk_da1469x.o
                0x0000000000003de0                hw_clk_xtalm_compensate_amp
 *fill*         0x0000000000003de2        0x2 
 .text.hw_clk_xtalm_configure
                0x0000000000003de4       0x34 ./sdk/peripherals/src/hw_clk_da1469x.o
                0x0000000000003de4                hw_clk_xtalm_configure
 .text.hw_dma_channel_initialization
                0x0000000000003e18      0x24c ./sdk/peripherals/src/hw_dma.o
                0x0000000000003e18                hw_dma_channel_initialization
 .text.hw_dma_channel_enable
                0x0000000000004064       0x84 ./sdk/peripherals/src/hw_dma.o
                0x0000000000004064                hw_dma_channel_enable
 .text.dma_helper
                0x00000000000040e8       0x48 ./sdk/peripherals/src/hw_dma.o
 .text.hw_dma_channel_active
                0x0000000000004130       0x34 ./sdk/peripherals/src/hw_dma.o
                0x0000000000004130                hw_dma_channel_active
 .text.DMA_Handler
                0x0000000000004164       0x6c ./sdk/peripherals/src/hw_dma.o
                0x0000000000004164                DMA_Handler
 .text.hw_gpadc_reset
                0x00000000000041d0       0x38 ./sdk/peripherals/src/hw_gpadc.o
                0x00000000000041d0                hw_gpadc_reset
 .text.hw_gpadc_configure
                0x0000000000004208       0xf4 ./sdk/peripherals/src/hw_gpadc.o
                0x0000000000004208                hw_gpadc_configure
 .text.hw_gpadc_init
                0x00000000000042fc       0x3c ./sdk/peripherals/src/hw_gpadc.o
                0x00000000000042fc                hw_gpadc_init
 .text.hw_gpadc_unregister_interrupt
                0x0000000000004338       0x30 ./sdk/peripherals/src/hw_gpadc.o
                0x0000000000004338                hw_gpadc_unregister_interrupt
 .text.hw_gpadc_adc_measure
                0x0000000000004368       0x1c ./sdk/peripherals/src/hw_gpadc.o
                0x0000000000004368                hw_gpadc_adc_measure
 .text.ADC_Handler
                0x0000000000004384       0x18 ./sdk/peripherals/src/hw_gpadc.o
                0x0000000000004384                ADC_Handler
 .text.hw_gpadc_store_se_gain_error
                0x000000000000439c        0xc ./sdk/peripherals/src/hw_gpadc.o
                0x000000000000439c                hw_gpadc_store_se_gain_error
 .text.hw_gpadc_store_diff_gain_error
                0x00000000000043a8        0xc ./sdk/peripherals/src/hw_gpadc.o
                0x00000000000043a8                hw_gpadc_store_diff_gain_error
 .text.hw_gpadc_store_se_offset_error
                0x00000000000043b4        0xc ./sdk/peripherals/src/hw_gpadc.o
                0x00000000000043b4                hw_gpadc_store_se_offset_error
 .text.hw_gpadc_store_diff_offset_error
                0x00000000000043c0        0xc ./sdk/peripherals/src/hw_gpadc.o
                0x00000000000043c0                hw_gpadc_store_diff_offset_error
 .text.hw_gpadc_convert_temperature_to_raw_val
                0x00000000000043cc       0x3c ./sdk/peripherals/src/hw_gpadc.o
                0x00000000000043cc                hw_gpadc_convert_temperature_to_raw_val
 .text.hw_gpio_set_pin_function
                0x0000000000004408       0x14 ./sdk/peripherals/src/hw_gpio.o
                0x0000000000004408                hw_gpio_set_pin_function
 .text.hw_gpio_set_active
                0x000000000000441c       0x14 ./sdk/peripherals/src/hw_gpio.o
                0x000000000000441c                hw_gpio_set_active
 .text.hw_gpio_set_inactive
                0x0000000000004430       0x14 ./sdk/peripherals/src/hw_gpio.o
                0x0000000000004430                hw_gpio_set_inactive
 .text.hw_memctrl_reset
                0x0000000000004444       0x1c ./sdk/peripherals/src/hw_memctrl.o
                0x0000000000004444                hw_memctrl_reset
 .text.hw_otpc_wait_mode_change
                0x0000000000004460       0x10 ./sdk/peripherals/src/hw_otpc_da1469x.o
 .text.hw_otpc_set_speed
                0x0000000000004470       0x24 ./sdk/peripherals/src/hw_otpc_da1469x.o
                0x0000000000004470                hw_otpc_set_speed
 .text.hw_pdc_acknowledge
                0x0000000000004494       0x14 ./sdk/peripherals/src/hw_pdc.o
 .text.hw_pdc_entry_matches
                0x00000000000044a8       0x6c ./sdk/peripherals/src/hw_pdc.o
 .text.hw_pdc_write_entry
                0x0000000000004514       0x54 ./sdk/peripherals/src/hw_pdc.o
                0x0000000000004514                hw_pdc_write_entry
 .text.hw_pdc_remove_entry
                0x0000000000004568       0x1e ./sdk/peripherals/src/hw_pdc.o
                0x0000000000004568                hw_pdc_remove_entry
 .text.hw_pdc_lut_reset
                0x0000000000004586       0x1e ./sdk/peripherals/src/hw_pdc.o
                0x0000000000004586                hw_pdc_lut_reset
 .text.hw_pdc_find_entry
                0x00000000000045a4       0x36 ./sdk/peripherals/src/hw_pdc.o
                0x00000000000045a4                hw_pdc_find_entry
 .text.hw_pdc_lut_keep
                0x00000000000045da       0x5a ./sdk/peripherals/src/hw_pdc.o
                0x00000000000045da                hw_pdc_lut_keep
 .text.check_and_disable_dcdc
                0x0000000000004634       0x40 ./sdk/peripherals/src/hw_pmu_da1469x.o
 .text.get_1v2_active_voltage
                0x0000000000004674       0x20 ./sdk/peripherals/src/hw_pmu_da1469x.o
 .text.hw_pmu_dcdc_config
                0x0000000000004694       0x10 ./sdk/peripherals/src/hw_pmu_da1469x.o
                0x0000000000004694                hw_pmu_dcdc_config
 .text.hw_pmu_3v0_clamp_enable
                0x00000000000046a4       0x12 ./sdk/peripherals/src/hw_pmu_da1469x.o
                0x00000000000046a4                hw_pmu_3v0_clamp_enable
 .text.hw_pmu_3v0_clamp_disable
                0x00000000000046b6       0x12 ./sdk/peripherals/src/hw_pmu_da1469x.o
                0x00000000000046b6                hw_pmu_3v0_clamp_disable
 .text.hw_pmu_3v0_set_voltage
                0x00000000000046c8       0x38 ./sdk/peripherals/src/hw_pmu_da1469x.o
                0x00000000000046c8                hw_pmu_3v0_set_voltage
 .text.hw_pmu_3v0_onwakeup_config
                0x0000000000004700       0x7c ./sdk/peripherals/src/hw_pmu_da1469x.o
                0x0000000000004700                hw_pmu_3v0_onwakeup_config
 .text.hw_pmu_3v0_onsleep_config
                0x000000000000477c       0x3c ./sdk/peripherals/src/hw_pmu_da1469x.o
                0x000000000000477c                hw_pmu_3v0_onsleep_config
 .text.hw_pmu_1v8_set_voltage
                0x00000000000047b8       0x1c ./sdk/peripherals/src/hw_pmu_da1469x.o
                0x00000000000047b8                hw_pmu_1v8_set_voltage
 .text.hw_pmu_1v8_configure_high_efficiency_dcdc
                0x00000000000047d4       0x1c ./sdk/peripherals/src/hw_pmu_da1469x.o
                0x00000000000047d4                hw_pmu_1v8_configure_high_efficiency_dcdc
 .text.hw_pmu_1v8_disable_high_efficiency_dcdc
                0x00000000000047f0       0x18 ./sdk/peripherals/src/hw_pmu_da1469x.o
                0x00000000000047f0                hw_pmu_1v8_disable_high_efficiency_dcdc
 .text.hw_pmu_1v8_onwakeup_enable
                0x0000000000004808       0x36 ./sdk/peripherals/src/hw_pmu_da1469x.o
                0x0000000000004808                hw_pmu_1v8_onwakeup_enable
 .text.hw_pmu_1v8_onwakeup_disable
                0x000000000000483e       0x20 ./sdk/peripherals/src/hw_pmu_da1469x.o
                0x000000000000483e                hw_pmu_1v8_onwakeup_disable
 .text.hw_pmu_1v8_onsleep_enable
                0x000000000000485e       0x14 ./sdk/peripherals/src/hw_pmu_da1469x.o
                0x000000000000485e                hw_pmu_1v8_onsleep_enable
 .text.hw_pmu_1v8_onsleep_disable
                0x0000000000004872       0x12 ./sdk/peripherals/src/hw_pmu_da1469x.o
                0x0000000000004872                hw_pmu_1v8_onsleep_disable
 .text.hw_pmu_1v8p_configure_high_efficiency_dcdc
                0x0000000000004884       0x1c ./sdk/peripherals/src/hw_pmu_da1469x.o
                0x0000000000004884                hw_pmu_1v8p_configure_high_efficiency_dcdc
 .text.hw_pmu_1v8p_disable_high_efficiency_dcdc
                0x00000000000048a0       0x18 ./sdk/peripherals/src/hw_pmu_da1469x.o
                0x00000000000048a0                hw_pmu_1v8p_disable_high_efficiency_dcdc
 .text.hw_pmu_1v8p_onwakeup_enable
                0x00000000000048b8       0x36 ./sdk/peripherals/src/hw_pmu_da1469x.o
                0x00000000000048b8                hw_pmu_1v8p_onwakeup_enable
 *fill*         0x00000000000048ee        0x2 
 .text.hw_pmu_1v8p_onwakeup_disable
                0x00000000000048f0       0x3c ./sdk/peripherals/src/hw_pmu_da1469x.o
                0x00000000000048f0                hw_pmu_1v8p_onwakeup_disable
 .text.hw_pmu_1v8p_onsleep_enable
                0x000000000000492c       0x14 ./sdk/peripherals/src/hw_pmu_da1469x.o
                0x000000000000492c                hw_pmu_1v8p_onsleep_enable
 .text.hw_pmu_1v8p_onsleep_disable
                0x0000000000004940       0x30 ./sdk/peripherals/src/hw_pmu_da1469x.o
                0x0000000000004940                hw_pmu_1v8p_onsleep_disable
 .text.hw_pmu_1v4_configure_high_efficiency_dcdc
                0x0000000000004970       0x18 ./sdk/peripherals/src/hw_pmu_da1469x.o
                0x0000000000004970                hw_pmu_1v4_configure_high_efficiency_dcdc
 .text.hw_pmu_1v4_set_voltage
                0x0000000000004988       0x1c ./sdk/peripherals/src/hw_pmu_da1469x.o
                0x0000000000004988                hw_pmu_1v4_set_voltage
 .text.hw_pmu_1v4_disable_high_efficiency_dcdc
                0x00000000000049a4       0x18 ./sdk/peripherals/src/hw_pmu_da1469x.o
                0x00000000000049a4                hw_pmu_1v4_disable_high_efficiency_dcdc
 .text.hw_pmu_1v4_onwakeup_enable
                0x00000000000049bc       0x14 ./sdk/peripherals/src/hw_pmu_da1469x.o
                0x00000000000049bc                hw_pmu_1v4_onwakeup_enable
 .text.hw_pmu_1v4_onwakeup_disable
                0x00000000000049d0       0x38 ./sdk/peripherals/src/hw_pmu_da1469x.o
                0x00000000000049d0                hw_pmu_1v4_onwakeup_disable
 .text.hw_pmu_1v2_onwakeup_set_voltage
                0x0000000000004a08       0x2c ./sdk/peripherals/src/hw_pmu_da1469x.o
                0x0000000000004a08                hw_pmu_1v2_onwakeup_set_voltage
 .text.hw_pmu_1v2_configure_high_efficiency_dcdc
                0x0000000000004a34       0x18 ./sdk/peripherals/src/hw_pmu_da1469x.o
                0x0000000000004a34                hw_pmu_1v2_configure_high_efficiency_dcdc
 .text.hw_pmu_1v2_disable_high_efficiency_dcdc
                0x0000000000004a4c       0x38 ./sdk/peripherals/src/hw_pmu_da1469x.o
                0x0000000000004a4c                hw_pmu_1v2_disable_high_efficiency_dcdc
 .text.hw_pmu_set_vdd_clamp
                0x0000000000004a84       0x20 ./sdk/peripherals/src/hw_pmu_da1469x.o
                0x0000000000004a84                hw_pmu_set_vdd_clamp
 .text.hw_pmu_1v2_onwakeup_enable
                0x0000000000004aa4       0x60 ./sdk/peripherals/src/hw_pmu_da1469x.o
                0x0000000000004aa4                hw_pmu_1v2_onwakeup_enable
 .text.hw_pmu_1v2_onwakeup_disable
                0x0000000000004b04       0x20 ./sdk/peripherals/src/hw_pmu_da1469x.o
                0x0000000000004b04                hw_pmu_1v2_onwakeup_disable
 .text.hw_pmu_1v2_onsleep_enable
                0x0000000000004b24       0x2c ./sdk/peripherals/src/hw_pmu_da1469x.o
                0x0000000000004b24                hw_pmu_1v2_onsleep_enable
 .text.hw_pmu_1v2_onsleep_disable
                0x0000000000004b50       0x14 ./sdk/peripherals/src/hw_pmu_da1469x.o
                0x0000000000004b50                hw_pmu_1v2_onsleep_disable
 .text.hw_pmu_get_1v8_onwakeup_config
                0x0000000000004b64       0x40 ./sdk/peripherals/src/hw_pmu_da1469x.o
                0x0000000000004b64                hw_pmu_get_1v8_onwakeup_config
 .text.hw_pmu_get_1v8_onsleep_config
                0x0000000000004ba4       0x2e ./sdk/peripherals/src/hw_pmu_da1469x.o
                0x0000000000004ba4                hw_pmu_get_1v8_onsleep_config
 .text.hw_pmu_get_1v8p_onwakeup_config
                0x0000000000004bd2       0x30 ./sdk/peripherals/src/hw_pmu_da1469x.o
                0x0000000000004bd2                hw_pmu_get_1v8p_onwakeup_config
 .text.hw_pmu_get_1v8p_onsleep_config
                0x0000000000004c02       0x20 ./sdk/peripherals/src/hw_pmu_da1469x.o
                0x0000000000004c02                hw_pmu_get_1v8p_onsleep_config
 .text.hw_pmu_get_1v4_onwakeup_config
                0x0000000000004c22       0x24 ./sdk/peripherals/src/hw_pmu_da1469x.o
                0x0000000000004c22                hw_pmu_get_1v4_onwakeup_config
 *fill*         0x0000000000004c46        0x2 
 .text.hw_pmu_get_1v2_active_config
                0x0000000000004c48       0x68 ./sdk/peripherals/src/hw_pmu_da1469x.o
                0x0000000000004c48                hw_pmu_get_1v2_active_config
 .text.hw_pmu_get_1v2_onwakeup_config
                0x0000000000004cb0       0x40 ./sdk/peripherals/src/hw_pmu_da1469x.o
                0x0000000000004cb0                hw_pmu_get_1v2_onwakeup_config
 .text.hw_pmu_get_1v2_onsleep_config
                0x0000000000004cf0       0x20 ./sdk/peripherals/src/hw_pmu_da1469x.o
                0x0000000000004cf0                hw_pmu_get_1v2_onsleep_config
 .text.hw_qspi_buf_to_word
                0x0000000000004d10        0x6 ./sdk/peripherals/src/hw_qspi.o
 *fill*         0x0000000000004d16        0x2 
 .text.hw_rtc_config_RTC_to_PDC_evt
                0x0000000000004d18       0x2c ./sdk/peripherals/src/hw_rtc.o
                0x0000000000004d18                hw_rtc_config_RTC_to_PDC_evt
 .text.RTC_Handler
                0x0000000000004d44       0x18 ./sdk/peripherals/src/hw_rtc.o
                0x0000000000004d44                RTC_Handler
 .text.SDADC_Handler
                0x0000000000004d5c       0x18 ./sdk/peripherals/src/hw_sdadc.o
                0x0000000000004d5c                SDADC_Handler
 .text.hw_snc_register_int
                0x0000000000004d74       0x38 ./sdk/peripherals/src/hw_snc.o
                0x0000000000004d74                hw_snc_register_int
 .text.hw_snc_unregister_int
                0x0000000000004dac       0x24 ./sdk/peripherals/src/hw_snc.o
                0x0000000000004dac                hw_snc_unregister_int
 .text.Sensor_Node_Handler
                0x0000000000004dd0       0x1c ./sdk/peripherals/src/hw_snc.o
                0x0000000000004dd0                Sensor_Node_Handler
 .text.hw_sys_sw_bsr_to_hw_bsr
                0x0000000000004dec       0x20 ./sdk/peripherals/src/hw_sys_da1469x.o
 .text.hw_sys_set_preferred_values
                0x0000000000004e0c      0x18c ./sdk/peripherals/src/hw_sys_da1469x.o
                0x0000000000004e0c                hw_sys_set_preferred_values
 .text.hw_sys_hw_bsr_try_lock
                0x0000000000004f98       0x28 ./sdk/peripherals/src/hw_sys_da1469x.o
                0x0000000000004f98                hw_sys_hw_bsr_try_lock
 .text.hw_sys_hw_bsr_unlock
                0x0000000000004fc0       0x28 ./sdk/peripherals/src/hw_sys_da1469x.o
                0x0000000000004fc0                hw_sys_hw_bsr_unlock
 .text.hw_sys_sw_bsr_init
                0x0000000000004fe8       0x2c ./sdk/peripherals/src/hw_sys_da1469x.o
                0x0000000000004fe8                hw_sys_sw_bsr_init
 .text.hw_sys_sw_bsr_try_acquire
                0x0000000000005014       0x58 ./sdk/peripherals/src/hw_sys_da1469x.o
                0x0000000000005014                hw_sys_sw_bsr_try_acquire
 .text.hw_sys_sw_bsr_release
                0x000000000000506c       0x5c ./sdk/peripherals/src/hw_sys_da1469x.o
                0x000000000000506c                hw_sys_sw_bsr_release
 .text.hw_sys_setup_sw_cursor
                0x00000000000050c8       0x26 ./sdk/peripherals/src/hw_sys_da1469x.o
                0x00000000000050c8                hw_sys_setup_sw_cursor
 *fill*         0x00000000000050ee        0x2 
 .text.hw_sys_reg_add_config
                0x00000000000050f0       0x3c ./sdk/peripherals/src/hw_sys_da1469x.o
                0x00000000000050f0                hw_sys_reg_add_config
 .text.hw_sys_reg_get_config
                0x000000000000512c        0xc ./sdk/peripherals/src/hw_sys_da1469x.o
                0x000000000000512c                hw_sys_reg_get_config
 .text.hw_sys_reg_get_num_of_config_entries
                0x0000000000005138        0x8 ./sdk/peripherals/src/hw_sys_da1469x.o
                0x0000000000005138                hw_sys_reg_get_num_of_config_entries
 .text.hw_sys_apply_default_values
                0x0000000000005140       0x5c ./sdk/peripherals/src/hw_sys_da1469x.o
                0x0000000000005140                hw_sys_apply_default_values
 .text.hw_sys_pll_calculate_min_current
                0x000000000000519c      0x1dc ./sdk/peripherals/src/hw_sys_da1469x.o
                0x000000000000519c                hw_sys_pll_calculate_min_current
 .text.hw_sys_pll_set_min_current
                0x0000000000005378       0x2c ./sdk/peripherals/src/hw_sys_da1469x.o
                0x0000000000005378                hw_sys_pll_set_min_current
 .text.hw_sys_device_info_init
                0x00000000000053a4       0x9c ./sdk/peripherals/src/hw_sys_da1469x.o
                0x00000000000053a4                hw_sys_device_info_init
 .text.hw_sys_device_variant_init
                0x0000000000005440       0x50 ./sdk/peripherals/src/hw_sys_da1469x.o
                0x0000000000005440                hw_sys_device_variant_init
 .text.hw_sys_device_info_check
                0x0000000000005490       0x18 ./sdk/peripherals/src/hw_sys_da1469x.o
                0x0000000000005490                hw_sys_device_info_check
 .text.hw_timer_configure_timer
                0x00000000000054a8       0x94 ./sdk/peripherals/src/hw_timer.o
                0x00000000000054a8                hw_timer_configure_timer
 .text.hw_timer_configure_oneshot
                0x000000000000553c       0x34 ./sdk/peripherals/src/hw_timer.o
                0x000000000000553c                hw_timer_configure_oneshot
 .text.hw_timer_register_int
                0x0000000000005570       0x88 ./sdk/peripherals/src/hw_timer.o
                0x0000000000005570                hw_timer_register_int
 .text.hw_timer_unregister_int
                0x00000000000055f8       0x9c ./sdk/peripherals/src/hw_timer.o
                0x00000000000055f8                hw_timer_unregister_int
 .text.Timer_Handler
                0x0000000000005694       0x18 ./sdk/peripherals/src/hw_timer.o
                0x0000000000005694                Timer_Handler
 .text.Timer2_Handler
                0x00000000000056ac       0x18 ./sdk/peripherals/src/hw_timer.o
                0x00000000000056ac                Timer2_Handler
 .text.Timer3_Handler
                0x00000000000056c4       0x18 ./sdk/peripherals/src/hw_timer.o
                0x00000000000056c4                Timer3_Handler
 .text.Timer4_Handler
                0x00000000000056dc       0x18 ./sdk/peripherals/src/hw_timer.o
                0x00000000000056dc                Timer4_Handler
 .text.CAPTIMER_Handler
                0x00000000000056f4       0x20 ./sdk/peripherals/src/hw_timer.o
                0x00000000000056f4                CAPTIMER_Handler
 .text.hw_timer_configure_pwm
                0x0000000000005714       0xd0 ./sdk/peripherals/src/hw_timer.o
                0x0000000000005714                hw_timer_configure_pwm
 .text.hw_timer_configure
                0x00000000000057e4       0x64 ./sdk/peripherals/src/hw_timer.o
                0x00000000000057e4                hw_timer_configure
 .text.hw_timer_init
                0x0000000000005848       0xc8 ./sdk/peripherals/src/hw_timer.o
                0x0000000000005848                hw_timer_init
 .text.TRNG_Handler
                0x0000000000005910       0x18 ./sdk/peripherals/src/hw_trng.o
                0x0000000000005910                TRNG_Handler
 .text.hw_uart_tx_dma_callback
                0x0000000000005928       0x12 ./sdk/peripherals/src/hw_uart.o
 *fill*         0x000000000000593a        0x2 
 .text.hw_uart_enable
                0x000000000000593c       0x40 ./sdk/peripherals/src/hw_uart.o
 .text.__NVIC_DisableIRQ
                0x000000000000597c       0x1c ./sdk/peripherals/src/hw_uart.o
 .text.hw_uart_enable_rx_int
                0x0000000000005998       0x40 ./sdk/peripherals/src/hw_uart.o
 .text.hw_uart_irq_stop_receive
                0x00000000000059d8       0x90 ./sdk/peripherals/src/hw_uart.o
 .text.hw_uart_rx_isr
                0x0000000000005a68       0x54 ./sdk/peripherals/src/hw_uart.o
 .text.hw_uart_rx_dma_callback
                0x0000000000005abc       0x50 ./sdk/peripherals/src/hw_uart.o
 .text.hw_uart_read
                0x0000000000005b0c        0xc ./sdk/peripherals/src/hw_uart.o
                0x0000000000005b0c                hw_uart_read
 .text.hw_uart_write
                0x0000000000005b18        0xa ./sdk/peripherals/src/hw_uart.o
                0x0000000000005b18                hw_uart_write
 .text.hw_uart_write_buffer
                0x0000000000005b22       0x1a ./sdk/peripherals/src/hw_uart.o
                0x0000000000005b22                hw_uart_write_buffer
 .text.hw_uart_send
                0x0000000000005b3c       0xd4 ./sdk/peripherals/src/hw_uart.o
                0x0000000000005b3c                hw_uart_send
 .text.hw_uart_set_dma_channels_ex
                0x0000000000005c10      0x1e4 ./sdk/peripherals/src/hw_uart.o
                0x0000000000005c10                hw_uart_set_dma_channels_ex
 .text.hw_uart_init
                0x0000000000005df4      0x150 ./sdk/peripherals/src/hw_uart.o
                0x0000000000005df4                hw_uart_init
 .text.hw_uart_error_getf
                0x0000000000005f44       0x2e ./sdk/peripherals/src/hw_uart.o
                0x0000000000005f44                hw_uart_error_getf
 *fill*         0x0000000000005f72        0x2 
 .text.UART_Interrupt_Handler
                0x0000000000005f74      0x130 ./sdk/peripherals/src/hw_uart.o
                0x0000000000005f74                UART_Interrupt_Handler
 .text.UART_Handler
                0x00000000000060a4        0xc ./sdk/peripherals/src/hw_uart.o
                0x00000000000060a4                UART_Handler
 .text.UART2_Handler
                0x00000000000060b0        0xc ./sdk/peripherals/src/hw_uart.o
                0x00000000000060b0                UART2_Handler
 .text.UART3_Handler
                0x00000000000060bc        0xc ./sdk/peripherals/src/hw_uart.o
                0x00000000000060bc                UART3_Handler
 .text.VBUS_Handler
                0x00000000000060c8       0x1c ./sdk/peripherals/src/hw_usb_da1469x.o
                0x00000000000060c8                VBUS_Handler
 .text.USB_Handler
                0x00000000000060e4       0x18 ./sdk/peripherals/src/hw_usb_da1469x.o
                0x00000000000060e4                USB_Handler
 .text.hw_wkup_key_handler
                0x00000000000060fc       0x10 ./sdk/peripherals/src/hw_wkup_da1469x.o
                0x00000000000060fc                hw_wkup_key_handler
 .text.hw_wkup_p0_handler
                0x000000000000610c       0x1c ./sdk/peripherals/src/hw_wkup_da1469x.o
                0x000000000000610c                hw_wkup_p0_handler
 .text.hw_wkup_p1_handler
                0x0000000000006128       0x20 ./sdk/peripherals/src/hw_wkup_da1469x.o
                0x0000000000006128                hw_wkup_p1_handler
 .text.Key_Wkup_GPIO_Handler
                0x0000000000006148       0x1c ./sdk/peripherals/src/hw_wkup_da1469x.o
                0x0000000000006148                Key_Wkup_GPIO_Handler
 .text.GPIO_P0_Handler
                0x0000000000006164       0x10 ./sdk/peripherals/src/hw_wkup_da1469x.o
                0x0000000000006164                GPIO_P0_Handler
 .text.GPIO_P1_Handler
                0x0000000000006174       0x10 ./sdk/peripherals/src/hw_wkup_da1469x.o
                0x0000000000006174                GPIO_P1_Handler
 .text.in_interrupt
                0x0000000000006184       0x14 ./sdk/osal/resmgmt.o
 .text.resource_init
                0x0000000000006198       0x34 ./sdk/osal/resmgmt.o
                0x0000000000006198                resource_init
 .text.resource_acquire
                0x00000000000061cc      0x154 ./sdk/osal/resmgmt.o
                0x00000000000061cc                resource_acquire
 .text.resource_release
                0x0000000000006320      0x100 ./sdk/osal/resmgmt.o
                0x0000000000006320                resource_release
 .text.register_qspi_operation.part.1
                0x0000000000006420       0x70 ./sdk/memory/src/qspi_automode.o
 .text.qspi_operations_init
                0x0000000000006490       0x14 ./sdk/memory/src/qspi_automode.o
                0x0000000000006490                qspi_operations_init
 .text.qspi_is_op_pending
                0x00000000000064a4       0x10 ./sdk/memory/src/qspi_automode.o
                0x00000000000064a4                qspi_is_op_pending
 .text.ad_crypto_init
                0x00000000000064b4        0xc ./sdk/adapters/src/ad_crypto.o
                0x00000000000064b4                ad_crypto_init
 .text.in_interrupt
                0x00000000000064c0       0x14 ./sdk/adapters/src/ad_gpadc.o
 .text.ad_gpadc_init
                0x00000000000064d4       0x20 ./sdk/adapters/src/ad_gpadc.o
                0x00000000000064d4                ad_gpadc_init
 .text.ad_gpadc_gpio_io_config
                0x00000000000064f4       0x52 ./sdk/adapters/src/ad_gpadc.o
 *fill*         0x0000000000006546        0x2 
 .text.ad_gpadc_release
                0x0000000000006548       0x30 ./sdk/adapters/src/ad_gpadc.o
 .text.ad_gpadc_pad_latches.constprop.7
                0x0000000000006578       0xbc ./sdk/adapters/src/ad_gpadc.o
 .text.ad_gpadc_acquire_to
                0x0000000000006634       0x3c ./sdk/adapters/src/ad_gpadc.o
                0x0000000000006634                ad_gpadc_acquire_to
 .text.ad_gpadc_open
                0x0000000000006670       0xd4 ./sdk/adapters/src/ad_gpadc.o
                0x0000000000006670                ad_gpadc_open
 .text.ad_gpadc_close
                0x0000000000006744       0x8c ./sdk/adapters/src/ad_gpadc.o
                0x0000000000006744                ad_gpadc_close
 .text.ad_gpadc_read_raw_to
                0x00000000000067d0       0x40 ./sdk/adapters/src/ad_gpadc.o
                0x00000000000067d0                ad_gpadc_read_raw_to
 .text.ad_gpadc_read_raw
                0x0000000000006810       0x20 ./sdk/adapters/src/ad_gpadc.o
                0x0000000000006810                ad_gpadc_read_raw
 .text.configure_power_rail
                0x0000000000006830      0x1b0 ./sdk/adapters/src/ad_pmu.o
 .text.update_1v2_voltage
                0x00000000000069e0       0x54 ./sdk/adapters/src/ad_pmu.o
 .text.ad_pmu_init
                0x0000000000006a34      0x144 ./sdk/adapters/src/ad_pmu.o
 .text.ad_pmu_1v2_force_max_voltage_request
                0x0000000000006b78       0x24 ./sdk/adapters/src/ad_pmu.o
                0x0000000000006b78                ad_pmu_1v2_force_max_voltage_request
 .text.ad_pmu_1v2_force_max_voltage_release
                0x0000000000006b9c       0x20 ./sdk/adapters/src/ad_pmu.o
                0x0000000000006b9c                ad_pmu_1v2_force_max_voltage_release
 .text.ad_pmu_prepare_for_sleep
                0x0000000000006bbc       0x18 ./sdk/adapters/src/ad_pmu.o
                0x0000000000006bbc                ad_pmu_prepare_for_sleep
 .text.ad_pmu_restore_for_wake_up
                0x0000000000006bd4        0x4 ./sdk/adapters/src/ad_pmu.o
                0x0000000000006bd4                ad_pmu_restore_for_wake_up
 .text.ad_snc_check_ucode_pdc_entry
                0x0000000000006bd8       0x2c ./sdk/adapters/src/ad_snc.o
 .text.ad_snc_lock
                0x0000000000006c04       0x14 ./sdk/adapters/src/ad_snc.o
 .text.ad_snc_rebuild_pdc_event_enable_pd_flags
                0x0000000000006c18       0x28 ./sdk/adapters/src/ad_snc.o
 .text.ad_snc_send_cmd.part.3
                0x0000000000006c40       0x50 ./sdk/adapters/src/ad_snc.o
 .text.ad_snc_irq_cb
                0x0000000000006c90       0x38 ./sdk/adapters/src/ad_snc.o
 .text.ad_snc_init
                0x0000000000006cc8       0xac ./sdk/adapters/src/ad_snc.o
                0x0000000000006cc8                ad_snc_init
 .text.prvSensorNodeAdapterIRQTask
                0x0000000000006d74       0x90 ./sdk/adapters/src/ad_snc.o
 .text.prvSensorNodeAdapterTask
                0x0000000000006e04      0x444 ./sdk/adapters/src/ad_snc.o
 .text.ad_snc_ucode_register
                0x0000000000007248       0x28 ./sdk/adapters/src/ad_snc.o
                0x0000000000007248                ad_snc_ucode_register
 .text.ad_snc_ucode_enable
                0x0000000000007270       0x34 ./sdk/adapters/src/ad_snc.o
                0x0000000000007270                ad_snc_ucode_enable
 .text.prvInsertBlockIntoFreeList
                0x00000000000072a4       0x44 ./sdk/FreeRTOS/portable/MemMang/heap_4.o
 .text.pvPortMalloc
                0x00000000000072e8       0xe4 ./sdk/FreeRTOS/portable/MemMang/heap_4.o
                0x00000000000072e8                pvPortMalloc
 .text.vPortFree
                0x00000000000073cc       0x44 ./sdk/FreeRTOS/portable/MemMang/heap_4.o
                0x00000000000073cc                vPortFree
 .text.prvTaskExitError
                0x0000000000007410       0x16 ./sdk/FreeRTOS/portable/GCC/DA1469x/port.o
 *fill*         0x0000000000007426        0x2 
 .text.prvPortStartFirstTask
                0x0000000000007428       0x28 ./sdk/FreeRTOS/portable/GCC/DA1469x/port.o
 .text.vPortEnableVFP
                0x0000000000007450       0x14 ./sdk/FreeRTOS/portable/GCC/DA1469x/port.o
 .text.vGetRunTimeCounterValue
                0x0000000000007464       0x1c ./sdk/FreeRTOS/portable/GCC/DA1469x/port.o
                0x0000000000007464                vGetRunTimeCounterValue
 .text.pxPortInitialiseStack
                0x0000000000007480       0x2c ./sdk/FreeRTOS/portable/GCC/DA1469x/port.o
                0x0000000000007480                pxPortInitialiseStack
 *fill*         0x00000000000074ac        0x4 
 .text.SVC_Handler
                0x00000000000074b0       0x24 ./sdk/FreeRTOS/portable/GCC/DA1469x/port.o
                0x00000000000074b0                SVC_Handler
 .text.vPortEnterCritical
                0x00000000000074d4       0x30 ./sdk/FreeRTOS/portable/GCC/DA1469x/port.o
                0x00000000000074d4                vPortEnterCritical
 .text.vPortExitCritical
                0x0000000000007504       0x18 ./sdk/FreeRTOS/portable/GCC/DA1469x/port.o
                0x0000000000007504                vPortExitCritical
 *fill*         0x000000000000751c        0x4 
 .text.PendSV_Handler
                0x0000000000007520       0x64 ./sdk/FreeRTOS/portable/GCC/DA1469x/port.o
                0x0000000000007520                PendSV_Handler
 .text.xPortTickAdvance
                0x0000000000007584       0x18 ./sdk/FreeRTOS/portable/GCC/DA1469x/port.o
                0x0000000000007584                xPortTickAdvance
 .text.vPortSetupTimerInterrupt
                0x000000000000759c        0x6 ./sdk/FreeRTOS/portable/GCC/DA1469x/port.o
                0x000000000000759c                vPortSetupTimerInterrupt
 *fill*         0x00000000000075a2        0x2 
 .text.xPortStartScheduler
                0x00000000000075a4       0x9c ./sdk/FreeRTOS/portable/GCC/DA1469x/port.o
                0x00000000000075a4                xPortStartScheduler
 .text.prvSystemSleep
                0x0000000000007640       0x38 ./sdk/FreeRTOS/portable/GCC/DA1469x/port.o
                0x0000000000007640                prvSystemSleep
 .text.vPortValidateInterruptPriority
                0x0000000000007678       0x1c ./sdk/FreeRTOS/portable/GCC/DA1469x/port.o
                0x0000000000007678                vPortValidateInterruptPriority
 .text.xEventGroupCreate
                0x0000000000007694       0x1a ./sdk/FreeRTOS/event_groups.o
                0x0000000000007694                xEventGroupCreate
 .text.xEventGroupClearBits
                0x00000000000076ae       0x1a ./sdk/FreeRTOS/event_groups.o
                0x00000000000076ae                xEventGroupClearBits
 .text.vEventGroupClearBitsCallback
                0x00000000000076c8        0x4 ./sdk/FreeRTOS/event_groups.o
                0x00000000000076c8                vEventGroupClearBitsCallback
 .text.xEventGroupClearBitsFromISR
                0x00000000000076cc       0x10 ./sdk/FreeRTOS/event_groups.o
                0x00000000000076cc                xEventGroupClearBitsFromISR
 .text.xEventGroupGetBitsFromISR
                0x00000000000076dc       0x24 ./sdk/FreeRTOS/event_groups.o
                0x00000000000076dc                xEventGroupGetBitsFromISR
 .text.xEventGroupSetBits
                0x0000000000007700       0x5c ./sdk/FreeRTOS/event_groups.o
                0x0000000000007700                xEventGroupSetBits
 .text.vEventGroupSetBitsCallback
                0x000000000000775c        0x4 ./sdk/FreeRTOS/event_groups.o
                0x000000000000775c                vEventGroupSetBitsCallback
 .text.xEventGroupSetBitsFromISR
                0x0000000000007760       0x10 ./sdk/FreeRTOS/event_groups.o
                0x0000000000007760                xEventGroupSetBitsFromISR
 .text.vListInitialise
                0x0000000000007770       0x16 ./sdk/FreeRTOS/list.o
                0x0000000000007770                vListInitialise
 .text.vListInitialiseItem
                0x0000000000007786        0x6 ./sdk/FreeRTOS/list.o
                0x0000000000007786                vListInitialiseItem
 .text.vListInsertEnd
                0x000000000000778c       0x18 ./sdk/FreeRTOS/list.o
                0x000000000000778c                vListInsertEnd
 .text.vListInsert
                0x00000000000077a4       0x2e ./sdk/FreeRTOS/list.o
                0x00000000000077a4                vListInsert
 .text.uxListRemove
                0x00000000000077d2       0x22 ./sdk/FreeRTOS/list.o
                0x00000000000077d2                uxListRemove
 .text.prvIsQueueEmpty
                0x00000000000077f4       0x16 ./sdk/FreeRTOS/queue.o
 .text.prvCopyDataToQueue
                0x000000000000780a       0x66 ./sdk/FreeRTOS/queue.o
 .text.prvNotifyQueueSetContainer
                0x0000000000007870       0x4c ./sdk/FreeRTOS/queue.o
 .text.prvCopyDataFromQueue
                0x00000000000078bc       0x2c ./sdk/FreeRTOS/queue.o
 .text.prvUnlockQueue
                0x00000000000078e8       0x7e ./sdk/FreeRTOS/queue.o
 *fill*         0x0000000000007966        0x2 
 .text.xQueueGenericReset
                0x0000000000007968       0x6c ./sdk/FreeRTOS/queue.o
                0x0000000000007968                xQueueGenericReset
 .text.xQueueGenericCreate
                0x00000000000079d4       0x38 ./sdk/FreeRTOS/queue.o
                0x00000000000079d4                xQueueGenericCreate
 .text.xQueueGenericSend
                0x0000000000007a0c      0x110 ./sdk/FreeRTOS/queue.o
                0x0000000000007a0c                xQueueGenericSend
 .text.xQueueCreateMutex
                0x0000000000007b1c       0x24 ./sdk/FreeRTOS/queue.o
                0x0000000000007b1c                xQueueCreateMutex
 .text.xQueueGiveMutexRecursive
                0x0000000000007b40       0x28 ./sdk/FreeRTOS/queue.o
                0x0000000000007b40                xQueueGiveMutexRecursive
 .text.xQueueGenericSendFromISR
                0x0000000000007b68       0x90 ./sdk/FreeRTOS/queue.o
                0x0000000000007b68                xQueueGenericSendFromISR
 .text.xQueueGiveFromISR
                0x0000000000007bf8       0x7a ./sdk/FreeRTOS/queue.o
                0x0000000000007bf8                xQueueGiveFromISR
 *fill*         0x0000000000007c72        0x2 
 .text.xQueueReceive
                0x0000000000007c74       0xf4 ./sdk/FreeRTOS/queue.o
                0x0000000000007c74                xQueueReceive
 .text.xQueueSemaphoreTake
                0x0000000000007d68      0x12c ./sdk/FreeRTOS/queue.o
                0x0000000000007d68                xQueueSemaphoreTake
 .text.xQueueTakeMutexRecursive
                0x0000000000007e94       0x2e ./sdk/FreeRTOS/queue.o
                0x0000000000007e94                xQueueTakeMutexRecursive
 *fill*         0x0000000000007ec2        0x2 
 .text.xQueuePeek
                0x0000000000007ec4       0xf4 ./sdk/FreeRTOS/queue.o
                0x0000000000007ec4                xQueuePeek
 .text.uxQueueMessagesWaiting
                0x0000000000007fb8       0x12 ./sdk/FreeRTOS/queue.o
                0x0000000000007fb8                uxQueueMessagesWaiting
 *fill*         0x0000000000007fca        0x2 
 .text.vQueueAddToRegistry
                0x0000000000007fcc       0x24 ./sdk/FreeRTOS/queue.o
                0x0000000000007fcc                vQueueAddToRegistry
 .text.vQueueUnregisterQueue
                0x0000000000007ff0       0x28 ./sdk/FreeRTOS/queue.o
                0x0000000000007ff0                vQueueUnregisterQueue
 .text.vQueueDelete
                0x0000000000008018       0x12 ./sdk/FreeRTOS/queue.o
                0x0000000000008018                vQueueDelete
 .text.vQueueWaitForMessageRestricted
                0x000000000000802a       0x46 ./sdk/FreeRTOS/queue.o
                0x000000000000802a                vQueueWaitForMessageRestricted
 .text.prvGetExpectedIdleTime
                0x0000000000008070       0x28 ./sdk/FreeRTOS/tasks.o
 .text.prvResetNextTaskUnblockTime
                0x0000000000008098       0x24 ./sdk/FreeRTOS/tasks.o
 .text.prvAddCurrentTaskToDelayedList
                0x00000000000080bc       0x74 ./sdk/FreeRTOS/tasks.o
 .text.xTaskCreate
                0x0000000000008130      0x194 ./sdk/FreeRTOS/tasks.o
                0x0000000000008130                xTaskCreate
 .text.vTaskDelete
                0x00000000000082c4       0xac ./sdk/FreeRTOS/tasks.o
                0x00000000000082c4                vTaskDelete
 .text.vTaskResume
                0x0000000000008370       0x78 ./sdk/FreeRTOS/tasks.o
                0x0000000000008370                vTaskResume
 .text.vTaskStartScheduler
                0x00000000000083e8       0x74 ./sdk/FreeRTOS/tasks.o
                0x00000000000083e8                vTaskStartScheduler
 .text.vTaskSuspendAll
                0x000000000000845c       0x14 ./sdk/FreeRTOS/tasks.o
                0x000000000000845c                vTaskSuspendAll
 .text.xTaskGetTickCount
                0x0000000000008470        0xc ./sdk/FreeRTOS/tasks.o
                0x0000000000008470                xTaskGetTickCount
 .text.vTaskStepTick
                0x000000000000847c       0x1c ./sdk/FreeRTOS/tasks.o
                0x000000000000847c                vTaskStepTick
 .text.xTaskIncrementTick
                0x0000000000008498       0xe8 ./sdk/FreeRTOS/tasks.o
                0x0000000000008498                xTaskIncrementTick
 .text.xTaskResumeAll
                0x0000000000008580       0xc8 ./sdk/FreeRTOS/tasks.o
                0x0000000000008580                xTaskResumeAll
 .text.vTaskDelayUntil
                0x0000000000008648       0x54 ./sdk/FreeRTOS/tasks.o
                0x0000000000008648                vTaskDelayUntil
 .text.vTaskDelay
                0x000000000000869c       0x38 ./sdk/FreeRTOS/tasks.o
                0x000000000000869c                vTaskDelay
 .text.prvIdleTask
                0x00000000000086d4       0x84 ./sdk/FreeRTOS/tasks.o
 .text.vTaskSwitchContext
                0x0000000000008758       0xa4 ./sdk/FreeRTOS/tasks.o
                0x0000000000008758                vTaskSwitchContext
 .text.vTaskSuspend
                0x00000000000087fc       0xb0 ./sdk/FreeRTOS/tasks.o
                0x00000000000087fc                vTaskSuspend
 .text.vTaskPlaceOnEventList
                0x00000000000088ac       0x20 ./sdk/FreeRTOS/tasks.o
                0x00000000000088ac                vTaskPlaceOnEventList
 .text.vTaskPlaceOnEventListRestricted
                0x00000000000088cc       0x2c ./sdk/FreeRTOS/tasks.o
                0x00000000000088cc                vTaskPlaceOnEventListRestricted
 .text.xTaskRemoveFromEventList
                0x00000000000088f8       0x60 ./sdk/FreeRTOS/tasks.o
                0x00000000000088f8                xTaskRemoveFromEventList
 .text.vTaskRemoveFromUnorderedEventList
                0x0000000000008958       0x50 ./sdk/FreeRTOS/tasks.o
                0x0000000000008958                vTaskRemoveFromUnorderedEventList
 .text.vTaskInternalSetTimeOutState
                0x00000000000089a8       0x14 ./sdk/FreeRTOS/tasks.o
                0x00000000000089a8                vTaskInternalSetTimeOutState
 .text.xTaskCheckForTimeOut
                0x00000000000089bc       0x4c ./sdk/FreeRTOS/tasks.o
                0x00000000000089bc                xTaskCheckForTimeOut
 .text.vTaskMissedYield
                0x0000000000008a08       0x10 ./sdk/FreeRTOS/tasks.o
                0x0000000000008a08                vTaskMissedYield
 .text.eTaskConfirmSleepModeStatus
                0x0000000000008a18       0x2c ./sdk/FreeRTOS/tasks.o
                0x0000000000008a18                eTaskConfirmSleepModeStatus
 .text.xTaskGetCurrentTaskHandle
                0x0000000000008a44        0xc ./sdk/FreeRTOS/tasks.o
                0x0000000000008a44                xTaskGetCurrentTaskHandle
 .text.xTaskGetSchedulerState
                0x0000000000008a50       0x20 ./sdk/FreeRTOS/tasks.o
                0x0000000000008a50                xTaskGetSchedulerState
 .text.xTaskPriorityInherit
                0x0000000000008a70       0xa4 ./sdk/FreeRTOS/tasks.o
                0x0000000000008a70                xTaskPriorityInherit
 .text.xTaskPriorityDisinherit
                0x0000000000008b14       0x74 ./sdk/FreeRTOS/tasks.o
                0x0000000000008b14                xTaskPriorityDisinherit
 .text.vTaskPriorityDisinheritAfterTimeout
                0x0000000000008b88       0x88 ./sdk/FreeRTOS/tasks.o
                0x0000000000008b88                vTaskPriorityDisinheritAfterTimeout
 .text.pvTaskIncrementMutexHeldCount
                0x0000000000008c10       0x18 ./sdk/FreeRTOS/tasks.o
                0x0000000000008c10                pvTaskIncrementMutexHeldCount
 .text.xTaskNotifyWait
                0x0000000000008c28       0x88 ./sdk/FreeRTOS/tasks.o
                0x0000000000008c28                xTaskNotifyWait
 .text.xTaskGenericNotify
                0x0000000000008cb0       0xa0 ./sdk/FreeRTOS/tasks.o
                0x0000000000008cb0                xTaskGenericNotify
 .text.xTaskGenericNotifyFromISR
                0x0000000000008d50       0xd4 ./sdk/FreeRTOS/tasks.o
                0x0000000000008d50                xTaskGenericNotifyFromISR
 .text.prvCheckForValidListAndQueue
                0x0000000000008e24       0x48 ./sdk/FreeRTOS/timers.o
 .text.prvInsertTimerInActiveList
                0x0000000000008e6c       0x38 ./sdk/FreeRTOS/timers.o
 .text.xTimerCreateTimerTask
                0x0000000000008ea4       0x34 ./sdk/FreeRTOS/timers.o
                0x0000000000008ea4                xTimerCreateTimerTask
 .text.xTimerCreate
                0x0000000000008ed8       0x34 ./sdk/FreeRTOS/timers.o
                0x0000000000008ed8                xTimerCreate
 .text.xTimerGenericCommand
                0x0000000000008f0c       0x40 ./sdk/FreeRTOS/timers.o
                0x0000000000008f0c                xTimerGenericCommand
 .text.prvSwitchTimerLists
                0x0000000000008f4c       0x64 ./sdk/FreeRTOS/timers.o
 .text.prvTimerTask
                0x0000000000008fb0      0x164 ./sdk/FreeRTOS/timers.o
 .text.xTimerPendFunctionCallFromISR
                0x0000000000009114       0x28 ./sdk/FreeRTOS/timers.o
                0x0000000000009114                xTimerPendFunctionCallFromISR
 .text.periph_init
                0x000000000000913c        0x2 ./main.o
 *fill*         0x000000000000913e        0x2 
 .text.prvTemplateTask
                0x0000000000009140       0x44 ./main.o
 .text.system_init
                0x0000000000009184       0x68 ./main.o
 .text.startup.main
                0x00000000000091ec       0x28 ./main.o
                0x00000000000091ec                main
 .text.vApplicationMallocFailedHook
                0x0000000000009214        0x6 ./main.o
                0x0000000000009214                vApplicationMallocFailedHook
 .text.vApplicationStackOverflowHook
                0x000000000000921a        0x6 ./main.o
                0x000000000000921a                vApplicationStackOverflowHook
 .text          0x0000000000009220        0x4 /home/jon/DiaSemi/SmartSnippetsStudio2.0.16/GCC/7-2018-q2/bin/../lib/gcc/arm-none-eabi/7.3.1/thumb/v8-m.main/fpv5-sp/hard/libgcc.a(_clear_cache.o)
                0x0000000000009220                __clear_cache
 .text          0x0000000000009224       0x28 /home/jon/DiaSemi/SmartSnippetsStudio2.0.16/GCC/7-2018-q2/bin/../lib/gcc/arm-none-eabi/7.3.1/thumb/v8-m.main/fpv5-sp/hard/libgcc.a(_popcountsi2.o)
                0x0000000000009224                __popcountsi2
 .text.__errno  0x000000000000924c        0xc /home/jon/DiaSemi/SmartSnippetsStudio2.0.16/GCC/7-2018-q2/bin/../lib/gcc/arm-none-eabi/7.3.1/../../../../arm-none-eabi/lib/thumb/v8-m.main/fpv5-sp/hard/libg_nano.a(lib_a-errno.o)
                0x000000000000924c                __errno
 .text.exit     0x0000000000009258       0x28 /home/jon/DiaSemi/SmartSnippetsStudio2.0.16/GCC/7-2018-q2/bin/../lib/gcc/arm-none-eabi/7.3.1/../../../../arm-none-eabi/lib/thumb/v8-m.main/fpv5-sp/hard/libg_nano.a(lib_a-exit.o)
                0x0000000000009258                exit
 .text.__sflush_r
                0x0000000000009280      0x108 /home/jon/DiaSemi/SmartSnippetsStudio2.0.16/GCC/7-2018-q2/bin/../lib/gcc/arm-none-eabi/7.3.1/../../../../arm-none-eabi/lib/thumb/v8-m.main/fpv5-sp/hard/libg_nano.a(lib_a-fflush.o)
                0x0000000000009280                __sflush_r
 .text._fflush_r
                0x0000000000009388       0x54 /home/jon/DiaSemi/SmartSnippetsStudio2.0.16/GCC/7-2018-q2/bin/../lib/gcc/arm-none-eabi/7.3.1/../../../../arm-none-eabi/lib/thumb/v8-m.main/fpv5-sp/hard/libg_nano.a(lib_a-fflush.o)
                0x0000000000009388                _fflush_r
 .text.fflush   0x00000000000093dc       0x24 /home/jon/DiaSemi/SmartSnippetsStudio2.0.16/GCC/7-2018-q2/bin/../lib/gcc/arm-none-eabi/7.3.1/../../../../arm-none-eabi/lib/thumb/v8-m.main/fpv5-sp/hard/libg_nano.a(lib_a-fflush.o)
                0x00000000000093dc                fflush
 .text.std      0x0000000000009400       0x48 /home/jon/DiaSemi/SmartSnippetsStudio2.0.16/GCC/7-2018-q2/bin/../lib/gcc/arm-none-eabi/7.3.1/../../../../arm-none-eabi/lib/thumb/v8-m.main/fpv5-sp/hard/libg_nano.a(lib_a-findfp.o)
 .text._cleanup_r
                0x0000000000009448        0xc /home/jon/DiaSemi/SmartSnippetsStudio2.0.16/GCC/7-2018-q2/bin/../lib/gcc/arm-none-eabi/7.3.1/../../../../arm-none-eabi/lib/thumb/v8-m.main/fpv5-sp/hard/libg_nano.a(lib_a-findfp.o)
                0x0000000000009448                _cleanup_r
 .text.__sfmoreglue
                0x0000000000009454       0x2c /home/jon/DiaSemi/SmartSnippetsStudio2.0.16/GCC/7-2018-q2/bin/../lib/gcc/arm-none-eabi/7.3.1/../../../../arm-none-eabi/lib/thumb/v8-m.main/fpv5-sp/hard/libg_nano.a(lib_a-findfp.o)
                0x0000000000009454                __sfmoreglue
 .text.__sinit  0x0000000000009480       0x60 /home/jon/DiaSemi/SmartSnippetsStudio2.0.16/GCC/7-2018-q2/bin/../lib/gcc/arm-none-eabi/7.3.1/../../../../arm-none-eabi/lib/thumb/v8-m.main/fpv5-sp/hard/libg_nano.a(lib_a-findfp.o)
                0x0000000000009480                __sinit
 .text.__sfp    0x00000000000094e0       0x78 /home/jon/DiaSemi/SmartSnippetsStudio2.0.16/GCC/7-2018-q2/bin/../lib/gcc/arm-none-eabi/7.3.1/../../../../arm-none-eabi/lib/thumb/v8-m.main/fpv5-sp/hard/libg_nano.a(lib_a-findfp.o)
                0x00000000000094e0                __sfp
 .text._fwalk_reent
                0x0000000000009558       0x3c /home/jon/DiaSemi/SmartSnippetsStudio2.0.16/GCC/7-2018-q2/bin/../lib/gcc/arm-none-eabi/7.3.1/../../../../arm-none-eabi/lib/thumb/v8-m.main/fpv5-sp/hard/libg_nano.a(lib_a-fwalk.o)
                0x0000000000009558                _fwalk_reent
 .text.__libc_init_array
                0x0000000000009594       0x48 /home/jon/DiaSemi/SmartSnippetsStudio2.0.16/GCC/7-2018-q2/bin/../lib/gcc/arm-none-eabi/7.3.1/../../../../arm-none-eabi/lib/thumb/v8-m.main/fpv5-sp/hard/libg_nano.a(lib_a-init.o)
                0x0000000000009594                __libc_init_array
 .text.memcpy   0x00000000000095dc       0x16 /home/jon/DiaSemi/SmartSnippetsStudio2.0.16/GCC/7-2018-q2/bin/../lib/gcc/arm-none-eabi/7.3.1/../../../../arm-none-eabi/lib/thumb/v8-m.main/fpv5-sp/hard/libg_nano.a(lib_a-memcpy-stub.o)
                0x00000000000095dc                memcpy
 .text.memset   0x00000000000095f2       0x10 /home/jon/DiaSemi/SmartSnippetsStudio2.0.16/GCC/7-2018-q2/bin/../lib/gcc/arm-none-eabi/7.3.1/../../../../arm-none-eabi/lib/thumb/v8-m.main/fpv5-sp/hard/libg_nano.a(lib_a-memset.o)
                0x00000000000095f2                memset
 *fill*         0x0000000000009602        0x2 
 .text._free_r  0x0000000000009604       0x9c /home/jon/DiaSemi/SmartSnippetsStudio2.0.16/GCC/7-2018-q2/bin/../lib/gcc/arm-none-eabi/7.3.1/../../../../arm-none-eabi/lib/thumb/v8-m.main/fpv5-sp/hard/libg_nano.a(lib_a-nano-freer.o)
                0x0000000000009604                _free_r
 .text._malloc_r
                0x00000000000096a0       0xb4 /home/jon/DiaSemi/SmartSnippetsStudio2.0.16/GCC/7-2018-q2/bin/../lib/gcc/arm-none-eabi/7.3.1/../../../../arm-none-eabi/lib/thumb/v8-m.main/fpv5-sp/hard/libg_nano.a(lib_a-nano-mallocr.o)
                0x00000000000096a0                _malloc_r
 .text.putchar  0x0000000000009754       0x28 /home/jon/DiaSemi/SmartSnippetsStudio2.0.16/GCC/7-2018-q2/bin/../lib/gcc/arm-none-eabi/7.3.1/../../../../arm-none-eabi/lib/thumb/v8-m.main/fpv5-sp/hard/libg_nano.a(lib_a-putchar.o)
                0x0000000000009754                putchar
 .text._sbrk_r  0x000000000000977c       0x20 /home/jon/DiaSemi/SmartSnippetsStudio2.0.16/GCC/7-2018-q2/bin/../lib/gcc/arm-none-eabi/7.3.1/../../../../arm-none-eabi/lib/thumb/v8-m.main/fpv5-sp/hard/libg_nano.a(lib_a-sbrkr.o)
                0x000000000000977c                _sbrk_r
 .text.setvbuf  0x000000000000979c      0x158 /home/jon/DiaSemi/SmartSnippetsStudio2.0.16/GCC/7-2018-q2/bin/../lib/gcc/arm-none-eabi/7.3.1/../../../../arm-none-eabi/lib/thumb/v8-m.main/fpv5-sp/hard/libg_nano.a(lib_a-setvbuf.o)
                0x000000000000979c                setvbuf
 .text.__sread  0x00000000000098f4       0x22 /home/jon/DiaSemi/SmartSnippetsStudio2.0.16/GCC/7-2018-q2/bin/../lib/gcc/arm-none-eabi/7.3.1/../../../../arm-none-eabi/lib/thumb/v8-m.main/fpv5-sp/hard/libg_nano.a(lib_a-stdio.o)
                0x00000000000098f4                __sread
 .text.__swrite
                0x0000000000009916       0x38 /home/jon/DiaSemi/SmartSnippetsStudio2.0.16/GCC/7-2018-q2/bin/../lib/gcc/arm-none-eabi/7.3.1/../../../../arm-none-eabi/lib/thumb/v8-m.main/fpv5-sp/hard/libg_nano.a(lib_a-stdio.o)
                0x0000000000009916                __swrite
 .text.__sseek  0x000000000000994e       0x24 /home/jon/DiaSemi/SmartSnippetsStudio2.0.16/GCC/7-2018-q2/bin/../lib/gcc/arm-none-eabi/7.3.1/../../../../arm-none-eabi/lib/thumb/v8-m.main/fpv5-sp/hard/libg_nano.a(lib_a-stdio.o)
                0x000000000000994e                __sseek
 .text.__sclose
                0x0000000000009972        0x8 /home/jon/DiaSemi/SmartSnippetsStudio2.0.16/GCC/7-2018-q2/bin/../lib/gcc/arm-none-eabi/7.3.1/../../../../arm-none-eabi/lib/thumb/v8-m.main/fpv5-sp/hard/libg_nano.a(lib_a-stdio.o)
                0x0000000000009972                __sclose
 *fill*         0x000000000000997a        0x2 
 .text._write_r
                0x000000000000997c       0x24 /home/jon/DiaSemi/SmartSnippetsStudio2.0.16/GCC/7-2018-q2/bin/../lib/gcc/arm-none-eabi/7.3.1/../../../../arm-none-eabi/lib/thumb/v8-m.main/fpv5-sp/hard/libg_nano.a(lib_a-writer.o)
                0x000000000000997c                _write_r
 .text._close_r
                0x00000000000099a0       0x20 /home/jon/DiaSemi/SmartSnippetsStudio2.0.16/GCC/7-2018-q2/bin/../lib/gcc/arm-none-eabi/7.3.1/../../../../arm-none-eabi/lib/thumb/v8-m.main/fpv5-sp/hard/libg_nano.a(lib_a-closer.o)
                0x00000000000099a0                _close_r
 .text._lseek_r
                0x00000000000099c0       0x24 /home/jon/DiaSemi/SmartSnippetsStudio2.0.16/GCC/7-2018-q2/bin/../lib/gcc/arm-none-eabi/7.3.1/../../../../arm-none-eabi/lib/thumb/v8-m.main/fpv5-sp/hard/libg_nano.a(lib_a-lseekr.o)
                0x00000000000099c0                _lseek_r
 .text.__swhatbuf_r
                0x00000000000099e4       0x48 /home/jon/DiaSemi/SmartSnippetsStudio2.0.16/GCC/7-2018-q2/bin/../lib/gcc/arm-none-eabi/7.3.1/../../../../arm-none-eabi/lib/thumb/v8-m.main/fpv5-sp/hard/libg_nano.a(lib_a-makebuf.o)
                0x00000000000099e4                __swhatbuf_r
 .text.__smakebuf_r
                0x0000000000009a2c       0x80 /home/jon/DiaSemi/SmartSnippetsStudio2.0.16/GCC/7-2018-q2/bin/../lib/gcc/arm-none-eabi/7.3.1/../../../../arm-none-eabi/lib/thumb/v8-m.main/fpv5-sp/hard/libg_nano.a(lib_a-makebuf.o)
                0x0000000000009a2c                __smakebuf_r
 .text.malloc   0x0000000000009aac       0x10 /home/jon/DiaSemi/SmartSnippetsStudio2.0.16/GCC/7-2018-q2/bin/../lib/gcc/arm-none-eabi/7.3.1/../../../../arm-none-eabi/lib/thumb/v8-m.main/fpv5-sp/hard/libg_nano.a(lib_a-malloc.o)
                0x0000000000009aac                malloc
 .text.__malloc_lock
                0x0000000000009abc        0x2 /home/jon/DiaSemi/SmartSnippetsStudio2.0.16/GCC/7-2018-q2/bin/../lib/gcc/arm-none-eabi/7.3.1/../../../../arm-none-eabi/lib/thumb/v8-m.main/fpv5-sp/hard/libg_nano.a(lib_a-mlock.o)
                0x0000000000009abc                __malloc_lock
 .text.__malloc_unlock
                0x0000000000009abe        0x2 /home/jon/DiaSemi/SmartSnippetsStudio2.0.16/GCC/7-2018-q2/bin/../lib/gcc/arm-none-eabi/7.3.1/../../../../arm-none-eabi/lib/thumb/v8-m.main/fpv5-sp/hard/libg_nano.a(lib_a-mlock.o)
                0x0000000000009abe                __malloc_unlock
 .text._putc_r  0x0000000000009ac0       0x6c /home/jon/DiaSemi/SmartSnippetsStudio2.0.16/GCC/7-2018-q2/bin/../lib/gcc/arm-none-eabi/7.3.1/../../../../arm-none-eabi/lib/thumb/v8-m.main/fpv5-sp/hard/libg_nano.a(lib_a-putc.o)
                0x0000000000009ac0                _putc_r
 .text._read_r  0x0000000000009b2c       0x24 /home/jon/DiaSemi/SmartSnippetsStudio2.0.16/GCC/7-2018-q2/bin/../lib/gcc/arm-none-eabi/7.3.1/../../../../arm-none-eabi/lib/thumb/v8-m.main/fpv5-sp/hard/libg_nano.a(lib_a-readr.o)
                0x0000000000009b2c                _read_r
 .text.__swbuf_r
                0x0000000000009b50       0xa4 /home/jon/DiaSemi/SmartSnippetsStudio2.0.16/GCC/7-2018-q2/bin/../lib/gcc/arm-none-eabi/7.3.1/../../../../arm-none-eabi/lib/thumb/v8-m.main/fpv5-sp/hard/libg_nano.a(lib_a-wbuf.o)
                0x0000000000009b50                __swbuf_r
 .text.__swsetup_r
                0x0000000000009bf4       0xdc /home/jon/DiaSemi/SmartSnippetsStudio2.0.16/GCC/7-2018-q2/bin/../lib/gcc/arm-none-eabi/7.3.1/../../../../arm-none-eabi/lib/thumb/v8-m.main/fpv5-sp/hard/libg_nano.a(lib_a-wsetup.o)
                0x0000000000009bf4                __swsetup_r
 .text._fstat_r
                0x0000000000009cd0       0x24 /home/jon/DiaSemi/SmartSnippetsStudio2.0.16/GCC/7-2018-q2/bin/../lib/gcc/arm-none-eabi/7.3.1/../../../../arm-none-eabi/lib/thumb/v8-m.main/fpv5-sp/hard/libg_nano.a(lib_a-fstatr.o)
                0x0000000000009cd0                _fstat_r
 .text._isatty_r
                0x0000000000009cf4       0x20 /home/jon/DiaSemi/SmartSnippetsStudio2.0.16/GCC/7-2018-q2/bin/../lib/gcc/arm-none-eabi/7.3.1/../../../../arm-none-eabi/lib/thumb/v8-m.main/fpv5-sp/hard/libg_nano.a(lib_a-isattyr.o)
                0x0000000000009cf4                _isatty_r
 .text._close   0x0000000000009d14       0x10 /home/jon/DiaSemi/SmartSnippetsStudio2.0.16/GCC/7-2018-q2/bin/../lib/gcc/arm-none-eabi/7.3.1/../../../../arm-none-eabi/lib/thumb/v8-m.main/fpv5-sp/hard/libnosys.a(close.o)
                0x0000000000009d14                _close
 .text._fstat   0x0000000000009d24       0x10 /home/jon/DiaSemi/SmartSnippetsStudio2.0.16/GCC/7-2018-q2/bin/../lib/gcc/arm-none-eabi/7.3.1/../../../../arm-none-eabi/lib/thumb/v8-m.main/fpv5-sp/hard/libnosys.a(fstat.o)
                0x0000000000009d24                _fstat
 .text._isatty  0x0000000000009d34       0x10 /home/jon/DiaSemi/SmartSnippetsStudio2.0.16/GCC/7-2018-q2/bin/../lib/gcc/arm-none-eabi/7.3.1/../../../../arm-none-eabi/lib/thumb/v8-m.main/fpv5-sp/hard/libnosys.a(isatty.o)
                0x0000000000009d34                _isatty